[2025-10-31T05:35:55,834][ERROR][o.e.b.Bootstrap          ] [f7fd1e12e014] Exception
java.lang.RuntimeException: can not run elasticsearch as root
	at org.elasticsearch.bootstrap.Bootstrap.initializeNatives(Bootstrap.java:107) ~[elasticsearch-7.17.15.jar:7.17.15]
	at org.elasticsearch.bootstrap.Bootstrap.setup(Bootstrap.java:183) ~[elasticsearch-7.17.15.jar:7.17.15]
	at org.elasticsearch.bootstrap.Bootstrap.init(Bootstrap.java:434) [elasticsearch-7.17.15.jar:7.17.15]
	at org.elasticsearch.bootstrap.Elasticsearch.init(Elasticsearch.java:169) [elasticsearch-7.17.15.jar:7.17.15]
	at org.elasticsearch.bootstrap.Elasticsearch.execute(Elasticsearch.java:160) [elasticsearch-7.17.15.jar:7.17.15]
	at org.elasticsearch.cli.EnvironmentAwareCommand.execute(EnvironmentAwareCommand.java:77) [elasticsearch-7.17.15.jar:7.17.15]
	at org.elasticsearch.cli.Command.mainWithoutErrorHandling(Command.java:112) [elasticsearch-cli-7.17.15.jar:7.17.15]
	at org.elasticsearch.cli.Command.main(Command.java:77) [elasticsearch-cli-7.17.15.jar:7.17.15]
	at org.elasticsearch.bootstrap.Elasticsearch.main(Elasticsearch.java:125) [elasticsearch-7.17.15.jar:7.17.15]
	at org.elasticsearch.bootstrap.Elasticsearch.main(Elasticsearch.java:80) [elasticsearch-7.17.15.jar:7.17.15]
[2025-10-31T05:35:55,860][ERROR][o.e.b.ElasticsearchUncaughtExceptionHandler] [f7fd1e12e014] uncaught exception in thread [main]
org.elasticsearch.bootstrap.StartupException: java.lang.RuntimeException: can not run elasticsearch as root
	at org.elasticsearch.bootstrap.Elasticsearch.init(Elasticsearch.java:173) ~[elasticsearch-7.17.15.jar:7.17.15]
	at org.elasticsearch.bootstrap.Elasticsearch.execute(Elasticsearch.java:160) ~[elasticsearch-7.17.15.jar:7.17.15]
	at org.elasticsearch.cli.EnvironmentAwareCommand.execute(EnvironmentAwareCommand.java:77) ~[elasticsearch-7.17.15.jar:7.17.15]
	at org.elasticsearch.cli.Command.mainWithoutErrorHandling(Command.java:112) ~[elasticsearch-cli-7.17.15.jar:7.17.15]
	at org.elasticsearch.cli.Command.main(Command.java:77) ~[elasticsearch-cli-7.17.15.jar:7.17.15]
	at org.elasticsearch.bootstrap.Elasticsearch.main(Elasticsearch.java:125) ~[elasticsearch-7.17.15.jar:7.17.15]
	at org.elasticsearch.bootstrap.Elasticsearch.main(Elasticsearch.java:80) ~[elasticsearch-7.17.15.jar:7.17.15]
Caused by: java.lang.RuntimeException: can not run elasticsearch as root
	at org.elasticsearch.bootstrap.Bootstrap.initializeNatives(Bootstrap.java:107) ~[elasticsearch-7.17.15.jar:7.17.15]
	at org.elasticsearch.bootstrap.Bootstrap.setup(Bootstrap.java:183) ~[elasticsearch-7.17.15.jar:7.17.15]
	at org.elasticsearch.bootstrap.Bootstrap.init(Bootstrap.java:434) ~[elasticsearch-7.17.15.jar:7.17.15]
	at org.elasticsearch.bootstrap.Elasticsearch.init(Elasticsearch.java:169) ~[elasticsearch-7.17.15.jar:7.17.15]
	... 6 more
[2025-10-31T05:36:59,738][ERROR][o.e.b.Bootstrap          ] [f7fd1e12e014] Exception
java.lang.RuntimeException: can not run elasticsearch as root
	at org.elasticsearch.bootstrap.Bootstrap.initializeNatives(Bootstrap.java:107) ~[elasticsearch-7.17.15.jar:7.17.15]
	at org.elasticsearch.bootstrap.Bootstrap.setup(Bootstrap.java:183) ~[elasticsearch-7.17.15.jar:7.17.15]
	at org.elasticsearch.bootstrap.Bootstrap.init(Bootstrap.java:434) [elasticsearch-7.17.15.jar:7.17.15]
	at org.elasticsearch.bootstrap.Elasticsearch.init(Elasticsearch.java:169) [elasticsearch-7.17.15.jar:7.17.15]
	at org.elasticsearch.bootstrap.Elasticsearch.execute(Elasticsearch.java:160) [elasticsearch-7.17.15.jar:7.17.15]
	at org.elasticsearch.cli.EnvironmentAwareCommand.execute(EnvironmentAwareCommand.java:77) [elasticsearch-7.17.15.jar:7.17.15]
	at org.elasticsearch.cli.Command.mainWithoutErrorHandling(Command.java:112) [elasticsearch-cli-7.17.15.jar:7.17.15]
	at org.elasticsearch.cli.Command.main(Command.java:77) [elasticsearch-cli-7.17.15.jar:7.17.15]
	at org.elasticsearch.bootstrap.Elasticsearch.main(Elasticsearch.java:125) [elasticsearch-7.17.15.jar:7.17.15]
	at org.elasticsearch.bootstrap.Elasticsearch.main(Elasticsearch.java:80) [elasticsearch-7.17.15.jar:7.17.15]
[2025-10-31T05:36:59,765][ERROR][o.e.b.ElasticsearchUncaughtExceptionHandler] [f7fd1e12e014] uncaught exception in thread [main]
org.elasticsearch.bootstrap.StartupException: java.lang.RuntimeException: can not run elasticsearch as root
	at org.elasticsearch.bootstrap.Elasticsearch.init(Elasticsearch.java:173) ~[elasticsearch-7.17.15.jar:7.17.15]
	at org.elasticsearch.bootstrap.Elasticsearch.execute(Elasticsearch.java:160) ~[elasticsearch-7.17.15.jar:7.17.15]
	at org.elasticsearch.cli.EnvironmentAwareCommand.execute(EnvironmentAwareCommand.java:77) ~[elasticsearch-7.17.15.jar:7.17.15]
	at org.elasticsearch.cli.Command.mainWithoutErrorHandling(Command.java:112) ~[elasticsearch-cli-7.17.15.jar:7.17.15]
	at org.elasticsearch.cli.Command.main(Command.java:77) ~[elasticsearch-cli-7.17.15.jar:7.17.15]
	at org.elasticsearch.bootstrap.Elasticsearch.main(Elasticsearch.java:125) ~[elasticsearch-7.17.15.jar:7.17.15]
	at org.elasticsearch.bootstrap.Elasticsearch.main(Elasticsearch.java:80) ~[elasticsearch-7.17.15.jar:7.17.15]
Caused by: java.lang.RuntimeException: can not run elasticsearch as root
	at org.elasticsearch.bootstrap.Bootstrap.initializeNatives(Bootstrap.java:107) ~[elasticsearch-7.17.15.jar:7.17.15]
	at org.elasticsearch.bootstrap.Bootstrap.setup(Bootstrap.java:183) ~[elasticsearch-7.17.15.jar:7.17.15]
	at org.elasticsearch.bootstrap.Bootstrap.init(Bootstrap.java:434) ~[elasticsearch-7.17.15.jar:7.17.15]
	at org.elasticsearch.bootstrap.Elasticsearch.init(Elasticsearch.java:169) ~[elasticsearch-7.17.15.jar:7.17.15]
	... 6 more
[2025-10-31T05:39:52,745][INFO ][o.e.n.Node               ] [f7fd1e12e014] version[7.17.15], pid[2046], build[default/tar/0b8ecfb4378335f4689c4223d1f1115f16bef3ba/2023-11-10T22:03:46.987399016Z], OS[Linux/6.8.0-49-generic/amd64], JVM[Oracle Corporation/OpenJDK 64-Bit Server VM/21.0.1/21.0.1+12-29]
[2025-10-31T05:39:52,757][INFO ][o.e.n.Node               ] [f7fd1e12e014] JVM home [/workspace/Mingkwan/RMSearch/elasticsearch-7.17.15/jdk], using bundled JDK [true]
[2025-10-31T05:39:52,759][INFO ][o.e.n.Node               ] [f7fd1e12e014] JVM arguments [-Xshare:auto, -Des.networkaddress.cache.ttl=60, -Des.networkaddress.cache.negative.ttl=10, -XX:+AlwaysPreTouch, -Xss1m, -Djava.awt.headless=true, -Dfile.encoding=UTF-8, -Djna.nosys=true, -XX:-OmitStackTraceInFastThrow, -XX:+ShowCodeDetailsInExceptionMessages, -Dio.netty.noUnsafe=true, -Dio.netty.noKeySetOptimization=true, -Dio.netty.recycler.maxCapacityPerThread=0, -Dio.netty.allocator.numDirectArenas=0, -Dlog4j.shutdownHookEnabled=false, -Dlog4j2.disable.jmx=true, -Dlog4j2.formatMsgNoLookups=true, -Djava.locale.providers=SPI,COMPAT, --add-opens=java.base/java.io=ALL-UNNAMED, -Djava.security.manager=allow, -XX:+UseG1GC, -Djava.io.tmpdir=/tmp/elasticsearch-9742336113789702703, -XX:+HeapDumpOnOutOfMemoryError, -XX:+ExitOnOutOfMemoryError, -XX:HeapDumpPath=data, -XX:ErrorFile=logs/hs_err_pid%p.log, -Xlog:gc*,gc+age=trace,safepoint:file=logs/gc.log:utctime,pid,tags:filecount=32,filesize=64m, -Xms23841m, -Xmx23841m, -XX:MaxDirectMemorySize=12507414528, -XX:InitiatingHeapOccupancyPercent=30, -XX:G1ReservePercent=25, -Des.path.home=/workspace/Mingkwan/RMSearch/elasticsearch-7.17.15, -Des.path.conf=/workspace/Mingkwan/RMSearch/elasticsearch-7.17.15/config, -Des.distribution.flavor=default, -Des.distribution.type=tar, -Des.bundled_jdk=true]
[2025-10-31T05:40:03,773][INFO ][o.e.p.PluginsService     ] [f7fd1e12e014] loaded module [aggs-matrix-stats]
[2025-10-31T05:40:03,776][INFO ][o.e.p.PluginsService     ] [f7fd1e12e014] loaded module [analysis-common]
[2025-10-31T05:40:03,777][INFO ][o.e.p.PluginsService     ] [f7fd1e12e014] loaded module [constant-keyword]
[2025-10-31T05:40:03,779][INFO ][o.e.p.PluginsService     ] [f7fd1e12e014] loaded module [frozen-indices]
[2025-10-31T05:40:03,780][INFO ][o.e.p.PluginsService     ] [f7fd1e12e014] loaded module [ingest-common]
[2025-10-31T05:40:03,781][INFO ][o.e.p.PluginsService     ] [f7fd1e12e014] loaded module [ingest-geoip]
[2025-10-31T05:40:03,783][INFO ][o.e.p.PluginsService     ] [f7fd1e12e014] loaded module [ingest-user-agent]
[2025-10-31T05:40:03,784][INFO ][o.e.p.PluginsService     ] [f7fd1e12e014] loaded module [kibana]
[2025-10-31T05:40:03,786][INFO ][o.e.p.PluginsService     ] [f7fd1e12e014] loaded module [lang-expression]
[2025-10-31T05:40:03,787][INFO ][o.e.p.PluginsService     ] [f7fd1e12e014] loaded module [lang-mustache]
[2025-10-31T05:40:03,789][INFO ][o.e.p.PluginsService     ] [f7fd1e12e014] loaded module [lang-painless]
[2025-10-31T05:40:03,790][INFO ][o.e.p.PluginsService     ] [f7fd1e12e014] loaded module [legacy-geo]
[2025-10-31T05:40:03,791][INFO ][o.e.p.PluginsService     ] [f7fd1e12e014] loaded module [mapper-extras]
[2025-10-31T05:40:03,793][INFO ][o.e.p.PluginsService     ] [f7fd1e12e014] loaded module [mapper-version]
[2025-10-31T05:40:03,794][INFO ][o.e.p.PluginsService     ] [f7fd1e12e014] loaded module [parent-join]
[2025-10-31T05:40:03,796][INFO ][o.e.p.PluginsService     ] [f7fd1e12e014] loaded module [percolator]
[2025-10-31T05:40:03,797][INFO ][o.e.p.PluginsService     ] [f7fd1e12e014] loaded module [rank-eval]
[2025-10-31T05:40:03,799][INFO ][o.e.p.PluginsService     ] [f7fd1e12e014] loaded module [reindex]
[2025-10-31T05:40:03,800][INFO ][o.e.p.PluginsService     ] [f7fd1e12e014] loaded module [repositories-metering-api]
[2025-10-31T05:40:03,818][INFO ][o.e.p.PluginsService     ] [f7fd1e12e014] loaded module [repository-encrypted]
[2025-10-31T05:40:03,819][INFO ][o.e.p.PluginsService     ] [f7fd1e12e014] loaded module [repository-url]
[2025-10-31T05:40:03,821][INFO ][o.e.p.PluginsService     ] [f7fd1e12e014] loaded module [runtime-fields-common]
[2025-10-31T05:40:03,822][INFO ][o.e.p.PluginsService     ] [f7fd1e12e014] loaded module [search-business-rules]
[2025-10-31T05:40:03,823][INFO ][o.e.p.PluginsService     ] [f7fd1e12e014] loaded module [searchable-snapshots]
[2025-10-31T05:40:03,831][INFO ][o.e.p.PluginsService     ] [f7fd1e12e014] loaded module [snapshot-repo-test-kit]
[2025-10-31T05:40:03,832][INFO ][o.e.p.PluginsService     ] [f7fd1e12e014] loaded module [spatial]
[2025-10-31T05:40:03,834][INFO ][o.e.p.PluginsService     ] [f7fd1e12e014] loaded module [transform]
[2025-10-31T05:40:03,835][INFO ][o.e.p.PluginsService     ] [f7fd1e12e014] loaded module [transport-netty4]
[2025-10-31T05:40:03,837][INFO ][o.e.p.PluginsService     ] [f7fd1e12e014] loaded module [unsigned-long]
[2025-10-31T05:40:03,838][INFO ][o.e.p.PluginsService     ] [f7fd1e12e014] loaded module [vector-tile]
[2025-10-31T05:40:03,839][INFO ][o.e.p.PluginsService     ] [f7fd1e12e014] loaded module [vectors]
[2025-10-31T05:40:03,841][INFO ][o.e.p.PluginsService     ] [f7fd1e12e014] loaded module [wildcard]
[2025-10-31T05:40:03,842][INFO ][o.e.p.PluginsService     ] [f7fd1e12e014] loaded module [x-pack-aggregate-metric]
[2025-10-31T05:40:03,843][INFO ][o.e.p.PluginsService     ] [f7fd1e12e014] loaded module [x-pack-analytics]
[2025-10-31T05:40:03,845][INFO ][o.e.p.PluginsService     ] [f7fd1e12e014] loaded module [x-pack-async]
[2025-10-31T05:40:03,846][INFO ][o.e.p.PluginsService     ] [f7fd1e12e014] loaded module [x-pack-async-search]
[2025-10-31T05:40:03,848][INFO ][o.e.p.PluginsService     ] [f7fd1e12e014] loaded module [x-pack-autoscaling]
[2025-10-31T05:40:03,849][INFO ][o.e.p.PluginsService     ] [f7fd1e12e014] loaded module [x-pack-ccr]
[2025-10-31T05:40:03,850][INFO ][o.e.p.PluginsService     ] [f7fd1e12e014] loaded module [x-pack-core]
[2025-10-31T05:40:03,851][INFO ][o.e.p.PluginsService     ] [f7fd1e12e014] loaded module [x-pack-data-streams]
[2025-10-31T05:40:03,853][INFO ][o.e.p.PluginsService     ] [f7fd1e12e014] loaded module [x-pack-deprecation]
[2025-10-31T05:40:03,854][INFO ][o.e.p.PluginsService     ] [f7fd1e12e014] loaded module [x-pack-enrich]
[2025-10-31T05:40:03,855][INFO ][o.e.p.PluginsService     ] [f7fd1e12e014] loaded module [x-pack-eql]
[2025-10-31T05:40:03,856][INFO ][o.e.p.PluginsService     ] [f7fd1e12e014] loaded module [x-pack-fleet]
[2025-10-31T05:40:03,857][INFO ][o.e.p.PluginsService     ] [f7fd1e12e014] loaded module [x-pack-graph]
[2025-10-31T05:40:03,858][INFO ][o.e.p.PluginsService     ] [f7fd1e12e014] loaded module [x-pack-identity-provider]
[2025-10-31T05:40:03,860][INFO ][o.e.p.PluginsService     ] [f7fd1e12e014] loaded module [x-pack-ilm]
[2025-10-31T05:40:03,861][INFO ][o.e.p.PluginsService     ] [f7fd1e12e014] loaded module [x-pack-logstash]
[2025-10-31T05:40:03,862][INFO ][o.e.p.PluginsService     ] [f7fd1e12e014] loaded module [x-pack-ml]
[2025-10-31T05:40:03,863][INFO ][o.e.p.PluginsService     ] [f7fd1e12e014] loaded module [x-pack-monitoring]
[2025-10-31T05:40:03,865][INFO ][o.e.p.PluginsService     ] [f7fd1e12e014] loaded module [x-pack-ql]
[2025-10-31T05:40:03,866][INFO ][o.e.p.PluginsService     ] [f7fd1e12e014] loaded module [x-pack-rollup]
[2025-10-31T05:40:03,867][INFO ][o.e.p.PluginsService     ] [f7fd1e12e014] loaded module [x-pack-security]
[2025-10-31T05:40:03,868][INFO ][o.e.p.PluginsService     ] [f7fd1e12e014] loaded module [x-pack-shutdown]
[2025-10-31T05:40:03,870][INFO ][o.e.p.PluginsService     ] [f7fd1e12e014] loaded module [x-pack-sql]
[2025-10-31T05:40:03,872][INFO ][o.e.p.PluginsService     ] [f7fd1e12e014] loaded module [x-pack-stack]
[2025-10-31T05:40:03,873][INFO ][o.e.p.PluginsService     ] [f7fd1e12e014] loaded module [x-pack-text-structure]
[2025-10-31T05:40:03,874][INFO ][o.e.p.PluginsService     ] [f7fd1e12e014] loaded module [x-pack-voting-only-node]
[2025-10-31T05:40:03,875][INFO ][o.e.p.PluginsService     ] [f7fd1e12e014] loaded module [x-pack-watcher]
[2025-10-31T05:40:03,877][INFO ][o.e.p.PluginsService     ] [f7fd1e12e014] no plugins loaded
[2025-10-31T05:40:03,990][INFO ][o.e.e.NodeEnvironment    ] [f7fd1e12e014] using [1] data paths, mounts [[/workspace (mfs\043ca-mtl-1.runpod.net:9421)]], net usable_space [306.1tb], net total_space [971.6tb], types [fuse]
[2025-10-31T05:40:03,992][INFO ][o.e.e.NodeEnvironment    ] [f7fd1e12e014] heap size [23.2gb], compressed ordinary object pointers [true]
[2025-10-31T05:40:04,072][INFO ][o.e.n.Node               ] [f7fd1e12e014] node name [f7fd1e12e014], node ID [CueZFG8mRpa4BHyMuEAKWw], cluster name [elasticsearch], roles [transform, data_frozen, master, remote_cluster_client, data, ml, data_content, data_hot, data_warm, data_cold, ingest]
[2025-10-31T05:40:10,157][INFO ][o.e.x.m.p.l.CppLogMessageHandler] [f7fd1e12e014] [controller/2266] [Main.cc@122] controller (64 bit): Version 7.17.15 (Build 8285074a0b4035) Copyright (c) 2023 Elasticsearch BV
[2025-10-31T05:40:11,057][INFO ][o.e.i.g.ConfigDatabases  ] [f7fd1e12e014] initialized default databases [[GeoLite2-Country.mmdb, GeoLite2-City.mmdb, GeoLite2-ASN.mmdb]], config databases [[]] and watching [/workspace/Mingkwan/RMSearch/elasticsearch-7.17.15/config/ingest-geoip] for changes
[2025-10-31T05:40:11,060][INFO ][o.e.i.g.DatabaseNodeService] [f7fd1e12e014] initialized database registry, using geoip-databases directory [/tmp/elasticsearch-9742336113789702703/geoip-databases/CueZFG8mRpa4BHyMuEAKWw]
[2025-10-31T05:40:11,813][INFO ][o.e.t.NettyAllocator     ] [f7fd1e12e014] creating NettyAllocator with the following configs: [name=elasticsearch_configured, chunk_size=1mb, suggested_max_allocation_size=1mb, factors={es.unsafe.use_netty_default_chunk_and_page_size=false, g1gc_enabled=true, g1gc_region_size=16mb}]
[2025-10-31T05:40:11,869][INFO ][o.e.i.r.RecoverySettings ] [f7fd1e12e014] using rate limit [40mb] with [default=40mb, read=0b, write=0b, max=0b]
[2025-10-31T05:40:11,923][INFO ][o.e.d.DiscoveryModule    ] [f7fd1e12e014] using discovery type [single-node] and seed hosts providers [settings]
[2025-10-31T05:40:12,356][INFO ][o.e.g.DanglingIndicesState] [f7fd1e12e014] gateway.auto_import_dangling_indices is disabled, dangling indices will not be automatically detected or imported and must be managed manually
[2025-10-31T05:40:12,895][INFO ][o.e.n.Node               ] [f7fd1e12e014] initialized
[2025-10-31T05:40:12,897][INFO ][o.e.n.Node               ] [f7fd1e12e014] starting ...
[2025-10-31T05:40:12,934][INFO ][o.e.x.s.c.f.PersistentCache] [f7fd1e12e014] persistent cache index loaded
[2025-10-31T05:40:12,935][INFO ][o.e.x.d.l.DeprecationIndexingComponent] [f7fd1e12e014] deprecation component started
[2025-10-31T05:40:13,077][INFO ][o.e.t.TransportService   ] [f7fd1e12e014] publish_address {127.0.0.1:9300}, bound_addresses {[::1]:9300}, {127.0.0.1:9300}
[2025-10-31T05:40:13,094][INFO ][o.e.x.m.Monitoring       ] [f7fd1e12e014] creating template [.monitoring-alerts-7] with version [7]
[2025-10-31T05:40:13,106][INFO ][o.e.x.m.Monitoring       ] [f7fd1e12e014] creating template [.monitoring-es] with version [7]
[2025-10-31T05:40:13,117][INFO ][o.e.x.m.Monitoring       ] [f7fd1e12e014] creating template [.monitoring-kibana] with version [7]
[2025-10-31T05:40:13,120][INFO ][o.e.x.m.Monitoring       ] [f7fd1e12e014] creating template [.monitoring-logstash] with version [7]
[2025-10-31T05:40:13,127][INFO ][o.e.x.m.Monitoring       ] [f7fd1e12e014] creating template [.monitoring-beats] with version [7]
[2025-10-31T05:40:13,446][WARN ][o.e.b.BootstrapChecks    ] [f7fd1e12e014] max virtual memory areas vm.max_map_count [65530] is too low, increase to at least [262144]
[2025-10-31T05:40:13,466][INFO ][o.e.c.c.Coordinator      ] [f7fd1e12e014] setting initial configuration to VotingConfiguration{CueZFG8mRpa4BHyMuEAKWw}
[2025-10-31T05:40:13,864][INFO ][o.e.c.s.MasterService    ] [f7fd1e12e014] elected-as-master ([1] nodes joined)[{f7fd1e12e014}{CueZFG8mRpa4BHyMuEAKWw}{ZaN1V1J_R22_yoeLG1FdHA}{127.0.0.1}{127.0.0.1:9300}{cdfhilmrstw} elect leader, _BECOME_MASTER_TASK_, _FINISH_ELECTION_], term: 1, version: 1, delta: master node changed {previous [], current [{f7fd1e12e014}{CueZFG8mRpa4BHyMuEAKWw}{ZaN1V1J_R22_yoeLG1FdHA}{127.0.0.1}{127.0.0.1:9300}{cdfhilmrstw}]}
[2025-10-31T05:40:14,066][INFO ][o.e.c.c.CoordinationState] [f7fd1e12e014] cluster UUID set to [AS8eU3TNTru3kdZzCopeWw]
[2025-10-31T05:40:14,227][INFO ][o.e.c.s.ClusterApplierService] [f7fd1e12e014] master node changed {previous [], current [{f7fd1e12e014}{CueZFG8mRpa4BHyMuEAKWw}{ZaN1V1J_R22_yoeLG1FdHA}{127.0.0.1}{127.0.0.1:9300}{cdfhilmrstw}]}, term: 1, version: 1, reason: Publication{term=1, version=1}
[2025-10-31T05:40:14,368][INFO ][o.e.h.AbstractHttpServerTransport] [f7fd1e12e014] publish_address {127.0.0.1:9200}, bound_addresses {[::1]:9200}, {127.0.0.1:9200}
[2025-10-31T05:40:14,369][INFO ][o.e.n.Node               ] [f7fd1e12e014] started
[2025-10-31T05:40:14,462][INFO ][o.e.g.GatewayService     ] [f7fd1e12e014] recovered [0] indices into cluster_state
[2025-10-31T05:40:14,810][INFO ][o.e.c.m.MetadataIndexTemplateService] [f7fd1e12e014] adding index template [.ml-state] for index patterns [.ml-state*]
[2025-10-31T05:40:15,099][INFO ][o.e.c.m.MetadataIndexTemplateService] [f7fd1e12e014] adding index template [.ml-anomalies-] for index patterns [.ml-anomalies-*]
[2025-10-31T05:40:15,310][INFO ][o.e.c.m.MetadataIndexTemplateService] [f7fd1e12e014] adding index template [.ml-notifications-000002] for index patterns [.ml-notifications-000002]
[2025-10-31T05:40:15,500][INFO ][o.e.c.m.MetadataIndexTemplateService] [f7fd1e12e014] adding index template [.ml-stats] for index patterns [.ml-stats-*]
[2025-10-31T05:40:15,701][INFO ][o.e.c.m.MetadataIndexTemplateService] [f7fd1e12e014] adding component template [metrics-settings]
[2025-10-31T05:40:15,900][INFO ][o.e.c.m.MetadataIndexTemplateService] [f7fd1e12e014] adding component template [synthetics-mappings]
[2025-10-31T05:40:16,101][INFO ][o.e.c.m.MetadataIndexTemplateService] [f7fd1e12e014] adding component template [synthetics-settings]
[2025-10-31T05:40:16,309][INFO ][o.e.c.m.MetadataIndexTemplateService] [f7fd1e12e014] adding component template [data-streams-mappings]
[2025-10-31T05:40:16,481][INFO ][o.e.c.m.MetadataIndexTemplateService] [f7fd1e12e014] adding component template [metrics-mappings]
[2025-10-31T05:40:16,683][INFO ][o.e.c.m.MetadataIndexTemplateService] [f7fd1e12e014] adding component template [logs-mappings]
[2025-10-31T05:40:16,893][INFO ][o.e.c.m.MetadataIndexTemplateService] [f7fd1e12e014] adding component template [logs-settings]
[2025-10-31T05:40:17,113][INFO ][o.e.c.m.MetadataIndexTemplateService] [f7fd1e12e014] adding index template [.watch-history-13] for index patterns [.watcher-history-13*]
[2025-10-31T05:40:17,293][INFO ][o.e.c.m.MetadataIndexTemplateService] [f7fd1e12e014] adding index template [ilm-history] for index patterns [ilm-history-5*]
[2025-10-31T05:40:17,475][INFO ][o.e.c.m.MetadataIndexTemplateService] [f7fd1e12e014] adding component template [.deprecation-indexing-settings]
[2025-10-31T05:40:17,665][INFO ][o.e.c.m.MetadataIndexTemplateService] [f7fd1e12e014] adding index template [.slm-history] for index patterns [.slm-history-5*]
[2025-10-31T05:40:17,863][INFO ][o.e.c.m.MetadataIndexTemplateService] [f7fd1e12e014] adding component template [.deprecation-indexing-mappings]
[2025-10-31T05:40:18,117][INFO ][o.e.c.m.MetadataIndexTemplateService] [f7fd1e12e014] adding index template [synthetics] for index patterns [synthetics-*-*]
[2025-10-31T05:40:18,353][INFO ][o.e.c.m.MetadataIndexTemplateService] [f7fd1e12e014] adding index template [metrics] for index patterns [metrics-*-*]
[2025-10-31T05:40:18,603][INFO ][o.e.c.m.MetadataIndexTemplateService] [f7fd1e12e014] adding index template [logs] for index patterns [logs-*-*]
[2025-10-31T05:40:18,882][INFO ][o.e.c.m.MetadataIndexTemplateService] [f7fd1e12e014] adding index template [.deprecation-indexing-template] for index patterns [.logs-deprecation.*]
[2025-10-31T05:40:19,166][INFO ][o.e.x.i.a.TransportPutLifecycleAction] [f7fd1e12e014] adding index lifecycle policy [ml-size-based-ilm-policy]
[2025-10-31T05:40:19,463][INFO ][o.e.x.i.a.TransportPutLifecycleAction] [f7fd1e12e014] adding index lifecycle policy [metrics]
[2025-10-31T05:40:19,754][INFO ][o.e.x.i.a.TransportPutLifecycleAction] [f7fd1e12e014] adding index lifecycle policy [logs]
[2025-10-31T05:40:20,009][INFO ][o.e.x.i.a.TransportPutLifecycleAction] [f7fd1e12e014] adding index lifecycle policy [synthetics]
[2025-10-31T05:40:20,290][INFO ][o.e.x.i.a.TransportPutLifecycleAction] [f7fd1e12e014] adding index lifecycle policy [365-days-default]
[2025-10-31T05:40:20,585][INFO ][o.e.x.i.a.TransportPutLifecycleAction] [f7fd1e12e014] adding index lifecycle policy [7-days-default]
[2025-10-31T05:40:20,890][INFO ][o.e.x.i.a.TransportPutLifecycleAction] [f7fd1e12e014] adding index lifecycle policy [90-days-default]
[2025-10-31T05:40:21,171][INFO ][o.e.x.i.a.TransportPutLifecycleAction] [f7fd1e12e014] adding index lifecycle policy [180-days-default]
[2025-10-31T05:40:21,450][INFO ][o.e.x.i.a.TransportPutLifecycleAction] [f7fd1e12e014] adding index lifecycle policy [30-days-default]
[2025-10-31T05:40:21,810][INFO ][o.e.x.i.a.TransportPutLifecycleAction] [f7fd1e12e014] adding index lifecycle policy [watch-history-ilm-policy]
[2025-10-31T05:40:22,083][INFO ][o.e.x.i.a.TransportPutLifecycleAction] [f7fd1e12e014] adding index lifecycle policy [ilm-history-ilm-policy]
[2025-10-31T05:40:22,335][INFO ][o.e.x.i.a.TransportPutLifecycleAction] [f7fd1e12e014] adding index lifecycle policy [slm-history-ilm-policy]
[2025-10-31T05:40:22,574][INFO ][o.e.x.i.a.TransportPutLifecycleAction] [f7fd1e12e014] adding index lifecycle policy [.deprecation-indexing-ilm-policy]
[2025-10-31T05:40:22,866][INFO ][o.e.x.i.a.TransportPutLifecycleAction] [f7fd1e12e014] adding index lifecycle policy [.fleet-actions-results-ilm-policy]
[2025-10-31T05:40:23,345][INFO ][o.e.i.g.GeoIpDownloader  ] [f7fd1e12e014] updating geoip databases
[2025-10-31T05:40:23,348][INFO ][o.e.i.g.GeoIpDownloader  ] [f7fd1e12e014] fetching geoip databases overview from [https://geoip.elastic.co/v1/database?elastic_geoip_service_tos=agree]
[2025-10-31T05:40:23,669][INFO ][o.e.l.LicenseService     ] [f7fd1e12e014] license [3efbaf2e-4083-42ee-bf05-445131b40526] mode [basic] - valid
[2025-10-31T05:40:24,390][INFO ][o.e.c.m.MetadataCreateIndexService] [f7fd1e12e014] [.geoip_databases] creating index, cause [auto(bulk api)], templates [], shards [1]/[0]
[2025-10-31T05:40:25,369][INFO ][o.e.c.r.a.AllocationService] [f7fd1e12e014] Cluster health status changed from [YELLOW] to [GREEN] (reason: [shards started [[.geoip_databases][0]]]).
[2025-10-31T05:40:28,776][INFO ][o.e.i.g.DatabaseNodeService] [f7fd1e12e014] retrieve geoip database [GeoLite2-ASN.mmdb] from [.geoip_databases] to [/tmp/elasticsearch-9742336113789702703/geoip-databases/CueZFG8mRpa4BHyMuEAKWw/GeoLite2-ASN.mmdb.tmp.gz]
[2025-10-31T05:40:28,799][INFO ][o.e.i.g.GeoIpDownloader  ] [f7fd1e12e014] successfully downloaded geoip database [GeoLite2-ASN.mmdb]
[2025-10-31T05:40:29,591][INFO ][o.e.i.g.DatabaseNodeService] [f7fd1e12e014] successfully reloaded changed geoip database file [/tmp/elasticsearch-9742336113789702703/geoip-databases/CueZFG8mRpa4BHyMuEAKWw/GeoLite2-ASN.mmdb]
[2025-10-31T05:40:37,302][INFO ][o.e.i.g.DatabaseNodeService] [f7fd1e12e014] retrieve geoip database [GeoLite2-City.mmdb] from [.geoip_databases] to [/tmp/elasticsearch-9742336113789702703/geoip-databases/CueZFG8mRpa4BHyMuEAKWw/GeoLite2-City.mmdb.tmp.gz]
[2025-10-31T05:40:37,336][INFO ][o.e.i.g.GeoIpDownloader  ] [f7fd1e12e014] successfully downloaded geoip database [GeoLite2-City.mmdb]
[2025-10-31T05:40:39,832][INFO ][o.e.i.g.DatabaseNodeService] [f7fd1e12e014] retrieve geoip database [GeoLite2-Country.mmdb] from [.geoip_databases] to [/tmp/elasticsearch-9742336113789702703/geoip-databases/CueZFG8mRpa4BHyMuEAKWw/GeoLite2-Country.mmdb.tmp.gz]
[2025-10-31T05:40:39,855][INFO ][o.e.i.g.GeoIpDownloader  ] [f7fd1e12e014] successfully downloaded geoip database [GeoLite2-Country.mmdb]
[2025-10-31T05:40:40,424][INFO ][o.e.i.g.DatabaseNodeService] [f7fd1e12e014] successfully reloaded changed geoip database file [/tmp/elasticsearch-9742336113789702703/geoip-databases/CueZFG8mRpa4BHyMuEAKWw/GeoLite2-Country.mmdb]
[2025-10-31T05:40:41,438][INFO ][o.e.i.g.DatabaseNodeService] [f7fd1e12e014] successfully reloaded changed geoip database file [/tmp/elasticsearch-9742336113789702703/geoip-databases/CueZFG8mRpa4BHyMuEAKWw/GeoLite2-City.mmdb]
[2025-10-31T07:10:32,963][INFO ][o.e.x.m.p.NativeController] [f7fd1e12e014] Native controller process has stopped - no new native processes can be started
[2025-10-31T07:10:32,994][INFO ][o.e.n.Node               ] [f7fd1e12e014] stopping ...
[2025-10-31T07:10:33,016][INFO ][o.e.x.w.WatcherService   ] [f7fd1e12e014] stopping watch service, reason [shutdown initiated]
[2025-10-31T07:10:33,019][INFO ][o.e.x.w.WatcherLifeCycleService] [f7fd1e12e014] watcher has stopped and shutdown
[2025-10-31T07:10:33,245][INFO ][o.e.n.Node               ] [f7fd1e12e014] stopped
[2025-10-31T07:10:33,248][INFO ][o.e.n.Node               ] [f7fd1e12e014] closing ...
[2025-10-31T07:10:33,290][INFO ][o.e.i.g.DatabaseReaderLazyLoader] [f7fd1e12e014] evicted [0] entries from cache after reloading database [/tmp/elasticsearch-9742336113789702703/geoip-databases/CueZFG8mRpa4BHyMuEAKWw/GeoLite2-Country.mmdb]
[2025-10-31T07:10:33,293][INFO ][o.e.i.g.DatabaseReaderLazyLoader] [f7fd1e12e014] evicted [0] entries from cache after reloading database [/tmp/elasticsearch-9742336113789702703/geoip-databases/CueZFG8mRpa4BHyMuEAKWw/GeoLite2-ASN.mmdb]
[2025-10-31T07:10:33,295][INFO ][o.e.i.g.DatabaseReaderLazyLoader] [f7fd1e12e014] evicted [0] entries from cache after reloading database [/tmp/elasticsearch-9742336113789702703/geoip-databases/CueZFG8mRpa4BHyMuEAKWw/GeoLite2-City.mmdb]
[2025-10-31T07:10:33,314][INFO ][o.e.n.Node               ] [f7fd1e12e014] closed
