[2025-10-31T05:39:47.597+0000][2046][gc,init] CardTable entry size: 512
[2025-10-31T05:39:47.598+0000][2046][gc     ] Using G1
[2025-10-31T05:39:49.164+0000][2046][gc,init] Version: 21.0.1+12-29 (release)
[2025-10-31T05:39:49.164+0000][2046][gc,init] CPUs: 96 total, 8 available
[2025-10-31T05:39:49.165+0000][2046][gc,init] Memory: 47683M
[2025-10-31T05:39:49.166+0000][2046][gc,init] Large Page Support: Disabled
[2025-10-31T05:39:49.167+0000][2046][gc,init] NUMA Support: Disabled
[2025-10-31T05:39:49.167+0000][2046][gc,init] Compressed Oops: Enabled (Zero based)
[2025-10-31T05:39:49.168+0000][2046][gc,init] Heap Region Size: 16M
[2025-10-31T05:39:49.168+0000][2046][gc,init] Heap Min Capacity: 23856M
[2025-10-31T05:39:49.169+0000][2046][gc,init] Heap Initial Capacity: 23856M
[2025-10-31T05:39:49.169+0000][2046][gc,init] Heap Max Capacity: 23856M
[2025-10-31T05:39:49.169+0000][2046][gc,init] Pre-touch: Enabled
[2025-10-31T05:39:49.170+0000][2046][gc,init] Parallel Workers: 8
[2025-10-31T05:39:49.170+0000][2046][gc,init] Concurrent Workers: 2
[2025-10-31T05:39:49.171+0000][2046][gc,init] Concurrent Refinement Workers: 8
[2025-10-31T05:39:49.171+0000][2046][gc,init] Periodic GC: Disabled
[2025-10-31T05:39:49.194+0000][2046][gc,metaspace] CDS archive(s) mapped at: [0x0000703cff000000-0x0000703cffca5000-0x0000703cffca5000), size 13258752, SharedBaseAddress: 0x0000703cff000000, ArchiveRelocationMode: 1.
[2025-10-31T05:39:49.194+0000][2046][gc,metaspace] Compressed class space mapped at: 0x0000703d00000000-0x0000703d40000000, reserved size: 1073741824
[2025-10-31T05:39:49.195+0000][2046][gc,metaspace] Narrow klass base: 0x0000703cff000000, Narrow klass shift: 0, Narrow klass range: 0x100000000
[2025-10-31T05:39:50.018+0000][2046][safepoint   ] Safepoint "ICBufferFull", Time since last: 792456316 ns, Reaching safepoint: 5780 ns, Cleanup: 159222 ns, At safepoint: 4115 ns, Total: 169117 ns
[2025-10-31T05:39:50.529+0000][2046][safepoint   ] Safepoint "ICBufferFull", Time since last: 511081310 ns, Reaching safepoint: 6727 ns, Cleanup: 198565 ns, At safepoint: 6724 ns, Total: 212016 ns
[2025-10-31T05:39:51.646+0000][2046][safepoint   ] Safepoint "Cleanup", Time since last: 1116830764 ns, Reaching safepoint: 5413 ns, Cleanup: 184056 ns, At safepoint: 6072 ns, Total: 195541 ns
[2025-10-31T05:39:52.647+0000][2046][safepoint   ] Safepoint "Cleanup", Time since last: 1000423778 ns, Reaching safepoint: 73540 ns, Cleanup: 82569 ns, At safepoint: 7747 ns, Total: 163856 ns
[2025-10-31T05:39:53.647+0000][2046][safepoint   ] Safepoint "Cleanup", Time since last: 1000401472 ns, Reaching safepoint: 6650 ns, Cleanup: 127275 ns, At safepoint: 4117 ns, Total: 138042 ns
[2025-10-31T05:39:55.480+0000][2046][safepoint   ] Safepoint "Cleanup", Time since last: 1831968378 ns, Reaching safepoint: 80521 ns, Cleanup: 196099 ns, At safepoint: 8982 ns, Total: 285602 ns
[2025-10-31T05:39:56.480+0000][2046][safepoint   ] Safepoint "Cleanup", Time since last: 1000544487 ns, Reaching safepoint: 7493 ns, Cleanup: 63690 ns, At safepoint: 7337 ns, Total: 78520 ns
[2025-10-31T05:39:57.481+0000][2046][safepoint   ] Safepoint "Cleanup", Time since last: 1000447777 ns, Reaching safepoint: 58733 ns, Cleanup: 48536 ns, At safepoint: 10546 ns, Total: 117815 ns
[2025-10-31T05:39:58.482+0000][2046][safepoint   ] Safepoint "Cleanup", Time since last: 1000813356 ns, Reaching safepoint: 81602 ns, Cleanup: 76483 ns, At safepoint: 7430 ns, Total: 165515 ns
[2025-10-31T05:39:59.482+0000][2046][safepoint   ] Safepoint "Cleanup", Time since last: 1000467834 ns, Reaching safepoint: 83165 ns, Cleanup: 23270 ns, At safepoint: 10372 ns, Total: 116807 ns
[2025-10-31T05:39:59.670+0000][2046][gc,start    ] GC(0) Pause Young (Normal) (G1 Evacuation Pause)
[2025-10-31T05:39:59.672+0000][2046][gc,task     ] GC(0) Using 8 workers of 8 for evacuation
[2025-10-31T05:39:59.673+0000][2046][gc,age      ] GC(0) Desired survivor size 83886080 bytes, new threshold 15 (max threshold 15)
[2025-10-31T05:39:59.689+0000][2046][gc,phases   ] GC(0)   Pre Evacuate Collection Set: 0.7ms
[2025-10-31T05:39:59.690+0000][2046][gc,phases   ] GC(0)   Merge Heap Roots: 1.0ms
[2025-10-31T05:39:59.691+0000][2046][gc,phases   ] GC(0)   Evacuate Collection Set: 8.8ms
[2025-10-31T05:39:59.692+0000][2046][gc,phases   ] GC(0)   Post Evacuate Collection Set: 3.2ms
[2025-10-31T05:39:59.692+0000][2046][gc,phases   ] GC(0)   Other: 2.6ms
[2025-10-31T05:39:59.692+0000][2046][gc,age      ] GC(0) Age table with threshold 15 (max threshold 15)
[2025-10-31T05:39:59.693+0000][2046][gc,age      ] GC(0) - age   1:   17848744 bytes,   17848744 total
[2025-10-31T05:39:59.693+0000][2046][gc,heap     ] GC(0) Eden regions: 74->0(72)
[2025-10-31T05:39:59.693+0000][2046][gc,heap     ] GC(0) Survivor regions: 0->2(10)
[2025-10-31T05:39:59.694+0000][2046][gc,heap     ] GC(0) Old regions: 1->1
[2025-10-31T05:39:59.694+0000][2046][gc,heap     ] GC(0) Humongous regions: 0->0
[2025-10-31T05:39:59.694+0000][2046][gc,metaspace] GC(0) Metaspace: 19843K(20416K)->19843K(20416K) NonClass: 17463K(17792K)->17463K(17792K) Class: 2379K(2624K)->2379K(2624K)
[2025-10-31T05:39:59.695+0000][2046][gc          ] GC(0) Pause Young (Normal) (G1 Evacuation Pause) 1185M->18M(23856M) 24.347ms
[2025-10-31T05:39:59.695+0000][2046][gc,cpu      ] GC(0) User=0.06s Sys=0.00s Real=0.03s
[2025-10-31T05:39:59.696+0000][2046][safepoint   ] Safepoint "G1CollectForAllocation", Time since last: 187225945 ns, Reaching safepoint: 6134 ns, Cleanup: 26950 ns, At safepoint: 25925648 ns, Total: 25958732 ns
[2025-10-31T05:40:00.541+0000][2046][gc,start    ] GC(1) Pause Young (Concurrent Start) (Metadata GC Threshold)
[2025-10-31T05:40:00.541+0000][2046][gc,task     ] GC(1) Using 8 workers of 8 for evacuation
[2025-10-31T05:40:00.542+0000][2046][gc,age      ] GC(1) Desired survivor size 83886080 bytes, new threshold 15 (max threshold 15)
[2025-10-31T05:40:00.556+0000][2046][gc,phases   ] GC(1)   Pre Evacuate Collection Set: 0.6ms
[2025-10-31T05:40:00.557+0000][2046][gc,phases   ] GC(1)   Merge Heap Roots: 0.1ms
[2025-10-31T05:40:00.557+0000][2046][gc,phases   ] GC(1)   Evacuate Collection Set: 8.7ms
[2025-10-31T05:40:00.557+0000][2046][gc,phases   ] GC(1)   Post Evacuate Collection Set: 1.1ms
[2025-10-31T05:40:00.558+0000][2046][gc,phases   ] GC(1)   Other: 4.2ms
[2025-10-31T05:40:00.558+0000][2046][gc,age      ] GC(1) Age table with threshold 15 (max threshold 15)
[2025-10-31T05:40:00.558+0000][2046][gc,age      ] GC(1) - age   1:    1594624 bytes,    1594624 total
[2025-10-31T05:40:00.559+0000][2046][gc,age      ] GC(1) - age   2:   16222616 bytes,   17817240 total
[2025-10-31T05:40:00.559+0000][2046][gc,heap     ] GC(1) Eden regions: 7->0(72)
[2025-10-31T05:40:00.559+0000][2046][gc,heap     ] GC(1) Survivor regions: 2->2(10)
[2025-10-31T05:40:00.560+0000][2046][gc,heap     ] GC(1) Old regions: 1->1
[2025-10-31T05:40:00.560+0000][2046][gc,heap     ] GC(1) Humongous regions: 0->0
[2025-10-31T05:40:00.561+0000][2046][gc,metaspace] GC(1) Metaspace: 20964K(21504K)->20964K(21504K) NonClass: 18445K(18752K)->18445K(18752K) Class: 2518K(2752K)->2518K(2752K)
[2025-10-31T05:40:00.561+0000][2046][gc          ] GC(1) Pause Young (Concurrent Start) (Metadata GC Threshold) 122M->19M(23856M) 20.409ms
[2025-10-31T05:40:00.562+0000][2046][gc,cpu      ] GC(1) User=0.07s Sys=0.00s Real=0.02s
[2025-10-31T05:40:00.562+0000][2046][gc          ] GC(2) Concurrent Mark Cycle
[2025-10-31T05:40:00.563+0000][2046][safepoint   ] Safepoint "CollectForMetadataAllocation", Time since last: 844952845 ns, Reaching safepoint: 6247 ns, Cleanup: 48937 ns, At safepoint: 21868102 ns, Total: 21923286 ns
[2025-10-31T05:40:00.563+0000][2046][gc,marking  ] GC(2) Concurrent Scan Root Regions
[2025-10-31T05:40:00.570+0000][2046][gc,marking  ] GC(2) Concurrent Scan Root Regions 7.309ms
[2025-10-31T05:40:00.571+0000][2046][gc,marking  ] GC(2) Concurrent Mark
[2025-10-31T05:40:00.571+0000][2046][gc,marking  ] GC(2) Concurrent Mark From Roots
[2025-10-31T05:40:00.572+0000][2046][gc,task     ] GC(2) Using 2 workers of 2 for marking
[2025-10-31T05:40:00.579+0000][2046][gc,marking  ] GC(2) Concurrent Mark From Roots 7.956ms
[2025-10-31T05:40:00.579+0000][2046][gc,marking  ] GC(2) Concurrent Preclean
[2025-10-31T05:40:00.580+0000][2046][gc,marking  ] GC(2) Concurrent Preclean 0.520ms
[2025-10-31T05:40:00.581+0000][2046][gc,start    ] GC(2) Pause Remark
[2025-10-31T05:40:00.585+0000][2046][gc          ] GC(2) Pause Remark 31M->31M(23856M) 4.039ms
[2025-10-31T05:40:00.586+0000][2046][gc,cpu      ] GC(2) User=0.02s Sys=0.00s Real=0.01s
[2025-10-31T05:40:00.586+0000][2046][safepoint   ] Safepoint "G1PauseRemark", Time since last: 18187637 ns, Reaching safepoint: 78831 ns, Cleanup: 17629 ns, At safepoint: 5224947 ns, Total: 5321407 ns
[2025-10-31T05:40:00.586+0000][2046][gc,marking  ] GC(2) Concurrent Mark 15.706ms
[2025-10-31T05:40:00.587+0000][2046][gc,marking  ] GC(2) Concurrent Rebuild Remembered Sets and Scrub Regions
[2025-10-31T05:40:00.589+0000][2046][gc,marking  ] GC(2) Concurrent Rebuild Remembered Sets and Scrub Regions 2.504ms
[2025-10-31T05:40:00.590+0000][2046][gc,start    ] GC(2) Pause Cleanup
[2025-10-31T05:40:00.590+0000][2046][gc          ] GC(2) Pause Cleanup 31M->31M(23856M) 0.588ms
[2025-10-31T05:40:00.591+0000][2046][gc,cpu      ] GC(2) User=0.00s Sys=0.00s Real=0.00s
[2025-10-31T05:40:00.591+0000][2046][safepoint   ] Safepoint "G1PauseCleanup", Time since last: 3526606 ns, Reaching safepoint: 2408 ns, Cleanup: 7755 ns, At safepoint: 1476178 ns, Total: 1486341 ns
[2025-10-31T05:40:00.591+0000][2046][gc,marking  ] GC(2) Concurrent Clear Claimed Marks
[2025-10-31T05:40:00.592+0000][2046][gc,marking  ] GC(2) Concurrent Clear Claimed Marks 0.387ms
[2025-10-31T05:40:00.592+0000][2046][gc,marking  ] GC(2) Concurrent Cleanup for Next Mark
[2025-10-31T05:40:00.616+0000][2046][gc,marking  ] GC(2) Concurrent Cleanup for Next Mark 24.224ms
[2025-10-31T05:40:00.617+0000][2046][gc          ] GC(2) Concurrent Mark Cycle 54.857ms
[2025-10-31T05:40:01.652+0000][2046][safepoint   ] Safepoint "Cleanup", Time since last: 1060425806 ns, Reaching safepoint: 6730 ns, Cleanup: 35345 ns, At safepoint: 5184 ns, Total: 47259 ns
[2025-10-31T05:40:02.652+0000][2046][safepoint   ] Safepoint "Cleanup", Time since last: 1000670696 ns, Reaching safepoint: 90828 ns, Cleanup: 33347 ns, At safepoint: 7783 ns, Total: 131958 ns
[2025-10-31T05:40:03.653+0000][2046][safepoint   ] Safepoint "Cleanup", Time since last: 1000457249 ns, Reaching safepoint: 58809 ns, Cleanup: 38030 ns, At safepoint: 8163 ns, Total: 105002 ns
[2025-10-31T05:40:04.905+0000][2046][safepoint   ] Safepoint "Cleanup", Time since last: 1251971191 ns, Reaching safepoint: 8772 ns, Cleanup: 225698 ns, At safepoint: 8708 ns, Total: 243178 ns
[2025-10-31T05:40:05.863+0000][2046][safepoint   ] Safepoint "ICBufferFull", Time since last: 957912527 ns, Reaching safepoint: 6827 ns, Cleanup: 241655 ns, At safepoint: 7773 ns, Total: 256255 ns
[2025-10-31T05:40:06.576+0000][2046][gc,start    ] GC(3) Pause Young (Prepare Mixed) (Metadata GC Threshold)
[2025-10-31T05:40:06.576+0000][2046][gc,task     ] GC(3) Using 8 workers of 8 for evacuation
[2025-10-31T05:40:06.577+0000][2046][gc,age      ] GC(3) Desired survivor size 83886080 bytes, new threshold 15 (max threshold 15)
[2025-10-31T05:40:06.608+0000][2046][gc,phases   ] GC(3)   Pre Evacuate Collection Set: 0.3ms
[2025-10-31T05:40:06.615+0000][2046][gc,phases   ] GC(3)   Merge Heap Roots: 0.1ms
[2025-10-31T05:40:06.616+0000][2046][gc,phases   ] GC(3)   Evacuate Collection Set: 27.7ms
[2025-10-31T05:40:06.617+0000][2046][gc,phases   ] GC(3)   Post Evacuate Collection Set: 2.6ms
[2025-10-31T05:40:06.618+0000][2046][gc,phases   ] GC(3)   Other: 0.8ms
[2025-10-31T05:40:06.618+0000][2046][gc,age      ] GC(3) Age table with threshold 15 (max threshold 15)
[2025-10-31T05:40:06.619+0000][2046][gc,age      ] GC(3) - age   1:   28422496 bytes,   28422496 total
[2025-10-31T05:40:06.620+0000][2046][gc,age      ] GC(3) - age   2:    1521240 bytes,   29943736 total
[2025-10-31T05:40:06.621+0000][2046][gc,age      ] GC(3) - age   3:   16012432 bytes,   45956168 total
[2025-10-31T05:40:06.622+0000][2046][gc,heap     ] GC(3) Eden regions: 52->0(71)
[2025-10-31T05:40:06.622+0000][2046][gc,heap     ] GC(3) Survivor regions: 2->3(10)
[2025-10-31T05:40:06.623+0000][2046][gc,heap     ] GC(3) Old regions: 1->1
[2025-10-31T05:40:06.623+0000][2046][gc,heap     ] GC(3) Humongous regions: 0->0
[2025-10-31T05:40:06.623+0000][2046][gc,metaspace] GC(3) Metaspace: 35048K(36096K)->35048K(36096K) NonClass: 30488K(31104K)->30488K(31104K) Class: 4560K(4992K)->4560K(4992K)
[2025-10-31T05:40:06.623+0000][2046][gc          ] GC(3) Pause Young (Prepare Mixed) (Metadata GC Threshold) 851M->48M(23856M) 47.517ms
[2025-10-31T05:40:06.624+0000][2046][gc,cpu      ] GC(3) User=0.25s Sys=0.01s Real=0.04s
[2025-10-31T05:40:06.624+0000][2046][safepoint   ] Safepoint "CollectForMetadataAllocation", Time since last: 712394998 ns, Reaching safepoint: 7673 ns, Cleanup: 224115 ns, At safepoint: 48448597 ns, Total: 48680385 ns
[2025-10-31T05:40:06.656+0000][2046][gc,start    ] GC(4) Pause Young (Mixed) (Metadata GC Threshold)
[2025-10-31T05:40:06.656+0000][2046][gc,task     ] GC(4) Using 8 workers of 8 for evacuation
[2025-10-31T05:40:06.657+0000][2046][gc,age      ] GC(4) Desired survivor size 83886080 bytes, new threshold 15 (max threshold 15)
[2025-10-31T05:40:06.687+0000][2046][gc,phases   ] GC(4)   Pre Evacuate Collection Set: 0.3ms
[2025-10-31T05:40:06.688+0000][2046][gc,phases   ] GC(4)   Merge Heap Roots: 0.1ms
[2025-10-31T05:40:06.688+0000][2046][gc,phases   ] GC(4)   Evacuate Collection Set: 27.5ms
[2025-10-31T05:40:06.689+0000][2046][gc,phases   ] GC(4)   Post Evacuate Collection Set: 2.1ms
[2025-10-31T05:40:06.689+0000][2046][gc,phases   ] GC(4)   Other: 0.7ms
[2025-10-31T05:40:06.689+0000][2046][gc,age      ] GC(4) Age table with threshold 15 (max threshold 15)
[2025-10-31T05:40:06.690+0000][2046][gc,age      ] GC(4) - age   1:      29296 bytes,      29296 total
[2025-10-31T05:40:06.690+0000][2046][gc,age      ] GC(4) - age   2:   28262896 bytes,   28292192 total
[2025-10-31T05:40:06.691+0000][2046][gc,age      ] GC(4) - age   3:    1521208 bytes,   29813400 total
[2025-10-31T05:40:06.691+0000][2046][gc,age      ] GC(4) - age   4:   16012432 bytes,   45825832 total
[2025-10-31T05:40:06.691+0000][2046][gc,heap     ] GC(4) Eden regions: 1->0(71)
[2025-10-31T05:40:06.692+0000][2046][gc,heap     ] GC(4) Survivor regions: 3->3(10)
[2025-10-31T05:40:06.692+0000][2046][gc,heap     ] GC(4) Old regions: 1->1
[2025-10-31T05:40:06.692+0000][2046][gc,heap     ] GC(4) Humongous regions: 0->0
[2025-10-31T05:40:06.693+0000][2046][gc,metaspace] GC(4) Metaspace: 35336K(36416K)->35336K(36416K) NonClass: 30750K(31424K)->30750K(31424K) Class: 4585K(4992K)->4585K(4992K)
[2025-10-31T05:40:06.693+0000][2046][gc          ] GC(4) Pause Young (Mixed) (Metadata GC Threshold) 62M->48M(23856M) 37.060ms
[2025-10-31T05:40:06.693+0000][2046][gc,cpu      ] GC(4) User=0.23s Sys=0.01s Real=0.03s
[2025-10-31T05:40:06.694+0000][2046][safepoint   ] Safepoint "CollectForMetadataAllocation", Time since last: 31452303 ns, Reaching safepoint: 6506 ns, Cleanup: 34757 ns, At safepoint: 37858779 ns, Total: 37900042 ns
[2025-10-31T05:40:06.746+0000][2046][gc,start    ] GC(5) Pause Young (Concurrent Start) (Metadata GC Threshold)
[2025-10-31T05:40:06.746+0000][2046][gc,task     ] GC(5) Using 8 workers of 8 for evacuation
[2025-10-31T05:40:06.747+0000][2046][gc,age      ] GC(5) Desired survivor size 83886080 bytes, new threshold 15 (max threshold 15)
[2025-10-31T05:40:06.776+0000][2046][gc,phases   ] GC(5)   Pre Evacuate Collection Set: 0.4ms
[2025-10-31T05:40:06.777+0000][2046][gc,phases   ] GC(5)   Merge Heap Roots: 0.1ms
[2025-10-31T05:40:06.777+0000][2046][gc,phases   ] GC(5)   Evacuate Collection Set: 26.2ms
[2025-10-31T05:40:06.778+0000][2046][gc,phases   ] GC(5)   Post Evacuate Collection Set: 2.0ms
[2025-10-31T05:40:06.778+0000][2046][gc,phases   ] GC(5)   Other: 0.9ms
[2025-10-31T05:40:06.778+0000][2046][gc,age      ] GC(5) Age table with threshold 15 (max threshold 15)
[2025-10-31T05:40:06.779+0000][2046][gc,age      ] GC(5) - age   1:      47632 bytes,      47632 total
[2025-10-31T05:40:06.779+0000][2046][gc,age      ] GC(5) - age   2:      22288 bytes,      69920 total
[2025-10-31T05:40:06.779+0000][2046][gc,age      ] GC(5) - age   3:   28262728 bytes,   28332648 total
[2025-10-31T05:40:06.780+0000][2046][gc,age      ] GC(5) - age   4:    1521208 bytes,   29853856 total
[2025-10-31T05:40:06.781+0000][2046][gc,age      ] GC(5) - age   5:   16012432 bytes,   45866288 total
[2025-10-31T05:40:06.781+0000][2046][gc,heap     ] GC(5) Eden regions: 1->0(71)
[2025-10-31T05:40:06.781+0000][2046][gc,heap     ] GC(5) Survivor regions: 3->3(10)
[2025-10-31T05:40:06.782+0000][2046][gc,heap     ] GC(5) Old regions: 1->1
[2025-10-31T05:40:06.782+0000][2046][gc,heap     ] GC(5) Humongous regions: 0->0
[2025-10-31T05:40:06.782+0000][2046][gc,metaspace] GC(5) Metaspace: 35685K(36736K)->35685K(36736K) NonClass: 31066K(31680K)->31066K(31680K) Class: 4618K(5056K)->4618K(5056K)
[2025-10-31T05:40:06.783+0000][2046][gc          ] GC(5) Pause Young (Concurrent Start) (Metadata GC Threshold) 59M->48M(23856M) 36.836ms
[2025-10-31T05:40:06.783+0000][2046][gc,cpu      ] GC(5) User=0.21s Sys=0.01s Real=0.03s
[2025-10-31T05:40:06.783+0000][2046][gc          ] GC(6) Concurrent Mark Cycle
[2025-10-31T05:40:06.783+0000][2046][safepoint   ] Safepoint "CollectForMetadataAllocation", Time since last: 51993043 ns, Reaching safepoint: 7744 ns, Cleanup: 35523 ns, At safepoint: 37682608 ns, Total: 37725875 ns
[2025-10-31T05:40:06.784+0000][2046][gc,marking  ] GC(6) Concurrent Scan Root Regions
[2025-10-31T05:40:06.816+0000][2046][gc,marking  ] GC(6) Concurrent Scan Root Regions 32.476ms
[2025-10-31T05:40:06.816+0000][2046][gc,marking  ] GC(6) Concurrent Mark
[2025-10-31T05:40:06.817+0000][2046][gc,marking  ] GC(6) Concurrent Mark From Roots
[2025-10-31T05:40:06.817+0000][2046][gc,task     ] GC(6) Using 2 workers of 2 for marking
[2025-10-31T05:40:06.821+0000][2046][gc,marking  ] GC(6) Concurrent Mark From Roots 4.409ms
[2025-10-31T05:40:06.822+0000][2046][gc,marking  ] GC(6) Concurrent Preclean
[2025-10-31T05:40:06.822+0000][2046][gc,marking  ] GC(6) Concurrent Preclean 0.316ms
[2025-10-31T05:40:06.823+0000][2046][gc,start    ] GC(6) Pause Remark
[2025-10-31T05:40:06.831+0000][2046][gc          ] GC(6) Pause Remark 59M->59M(23856M) 7.986ms
[2025-10-31T05:40:06.831+0000][2046][gc,cpu      ] GC(6) User=0.03s Sys=0.00s Real=0.01s
[2025-10-31T05:40:06.832+0000][2046][safepoint   ] Safepoint "G1PauseRemark", Time since last: 39052828 ns, Reaching safepoint: 362997 ns, Cleanup: 5787 ns, At safepoint: 8765549 ns, Total: 9134333 ns
[2025-10-31T05:40:06.832+0000][2046][gc,marking  ] GC(6) Concurrent Mark 15.450ms
[2025-10-31T05:40:06.832+0000][2046][gc,marking  ] GC(6) Concurrent Rebuild Remembered Sets and Scrub Regions
[2025-10-31T05:40:06.834+0000][2046][gc,marking  ] GC(6) Concurrent Rebuild Remembered Sets and Scrub Regions 2.122ms
[2025-10-31T05:40:06.835+0000][2046][gc,start    ] GC(6) Pause Cleanup
[2025-10-31T05:40:06.835+0000][2046][gc          ] GC(6) Pause Cleanup 59M->59M(23856M) 0.380ms
[2025-10-31T05:40:06.836+0000][2046][gc,cpu      ] GC(6) User=0.00s Sys=0.00s Real=0.00s
[2025-10-31T05:40:06.836+0000][2046][safepoint   ] Safepoint "G1PauseCleanup", Time since last: 3038682 ns, Reaching safepoint: 149581 ns, Cleanup: 7923 ns, At safepoint: 1117181 ns, Total: 1274685 ns
[2025-10-31T05:40:06.836+0000][2046][gc,marking  ] GC(6) Concurrent Clear Claimed Marks
[2025-10-31T05:40:06.837+0000][2046][gc,marking  ] GC(6) Concurrent Clear Claimed Marks 0.354ms
[2025-10-31T05:40:06.837+0000][2046][gc,marking  ] GC(6) Concurrent Cleanup for Next Mark
[2025-10-31T05:40:06.864+0000][2046][gc,marking  ] GC(6) Concurrent Cleanup for Next Mark 26.829ms
[2025-10-31T05:40:06.866+0000][2046][gc          ] GC(6) Concurrent Mark Cycle 82.993ms
[2025-10-31T05:40:08.315+0000][2046][safepoint   ] Safepoint "Cleanup", Time since last: 1479070214 ns, Reaching safepoint: 85692 ns, Cleanup: 201666 ns, At safepoint: 8450 ns, Total: 295808 ns
[2025-10-31T05:40:09.304+0000][2046][safepoint   ] Safepoint "ICBufferFull", Time since last: 988760125 ns, Reaching safepoint: 8943 ns, Cleanup: 280928 ns, At safepoint: 5263 ns, Total: 295134 ns
[2025-10-31T05:40:10.403+0000][2046][safepoint   ] Safepoint "Cleanup", Time since last: 1098090783 ns, Reaching safepoint: 4632 ns, Cleanup: 200912 ns, At safepoint: 5870 ns, Total: 211414 ns
[2025-10-31T05:40:10.441+0000][2046][gc,start    ] GC(7) Pause Young (Concurrent Start) (Metadata GC Threshold)
[2025-10-31T05:40:10.441+0000][2046][gc,task     ] GC(7) Using 8 workers of 8 for evacuation
[2025-10-31T05:40:10.441+0000][2046][gc,age      ] GC(7) Desired survivor size 83886080 bytes, new threshold 15 (max threshold 15)
[2025-10-31T05:40:10.477+0000][2046][gc,phases   ] GC(7)   Pre Evacuate Collection Set: 0.5ms
[2025-10-31T05:40:10.478+0000][2046][gc,phases   ] GC(7)   Merge Heap Roots: 0.1ms
[2025-10-31T05:40:10.479+0000][2046][gc,phases   ] GC(7)   Evacuate Collection Set: 32.0ms
[2025-10-31T05:40:10.479+0000][2046][gc,phases   ] GC(7)   Post Evacuate Collection Set: 3.0ms
[2025-10-31T05:40:10.480+0000][2046][gc,phases   ] GC(7)   Other: 0.8ms
[2025-10-31T05:40:10.480+0000][2046][gc,age      ] GC(7) Age table with threshold 15 (max threshold 15)
[2025-10-31T05:40:10.481+0000][2046][gc,age      ] GC(7) - age   1:    9614992 bytes,    9614992 total
[2025-10-31T05:40:10.481+0000][2046][gc,age      ] GC(7) - age   2:      39144 bytes,    9654136 total
[2025-10-31T05:40:10.482+0000][2046][gc,age      ] GC(7) - age   3:      22192 bytes,    9676328 total
[2025-10-31T05:40:10.482+0000][2046][gc,age      ] GC(7) - age   4:   28046088 bytes,   37722416 total
[2025-10-31T05:40:10.482+0000][2046][gc,age      ] GC(7) - age   5:    1514840 bytes,   39237256 total
[2025-10-31T05:40:10.483+0000][2046][gc,age      ] GC(7) - age   6:   15949152 bytes,   55186408 total
[2025-10-31T05:40:10.483+0000][2046][gc,heap     ] GC(7) Eden regions: 25->0(70)
[2025-10-31T05:40:10.483+0000][2046][gc,heap     ] GC(7) Survivor regions: 3->4(10)
[2025-10-31T05:40:10.484+0000][2046][gc,heap     ] GC(7) Old regions: 1->1
[2025-10-31T05:40:10.484+0000][2046][gc,heap     ] GC(7) Humongous regions: 0->0
[2025-10-31T05:40:10.484+0000][2046][gc,metaspace] GC(7) Metaspace: 60285K(61568K)->60285K(61568K) NonClass: 52288K(53056K)->52288K(53056K) Class: 7996K(8512K)->7996K(8512K)
[2025-10-31T05:40:10.484+0000][2046][gc          ] GC(7) Pause Young (Concurrent Start) (Metadata GC Threshold) 441M->56M(23856M) 43.899ms
[2025-10-31T05:40:10.485+0000][2046][gc,cpu      ] GC(7) User=0.31s Sys=0.01s Real=0.05s
[2025-10-31T05:40:10.485+0000][2046][gc          ] GC(8) Concurrent Mark Cycle
[2025-10-31T05:40:10.485+0000][2046][safepoint   ] Safepoint "CollectForMetadataAllocation", Time since last: 37869426 ns, Reaching safepoint: 5923 ns, Cleanup: 20510 ns, At safepoint: 44711622 ns, Total: 44738055 ns
[2025-10-31T05:40:10.486+0000][2046][gc,marking  ] GC(8) Concurrent Scan Root Regions
[2025-10-31T05:40:10.534+0000][2046][gc,marking  ] GC(8) Concurrent Scan Root Regions 48.583ms
[2025-10-31T05:40:10.535+0000][2046][gc,marking  ] GC(8) Concurrent Mark
[2025-10-31T05:40:10.536+0000][2046][gc,marking  ] GC(8) Concurrent Mark From Roots
[2025-10-31T05:40:10.536+0000][2046][gc,task     ] GC(8) Using 2 workers of 2 for marking
[2025-10-31T05:40:10.540+0000][2046][gc,marking  ] GC(8) Concurrent Mark From Roots 3.798ms
[2025-10-31T05:40:10.540+0000][2046][gc,marking  ] GC(8) Concurrent Preclean
[2025-10-31T05:40:10.541+0000][2046][gc,marking  ] GC(8) Concurrent Preclean 0.800ms
[2025-10-31T05:40:10.541+0000][2046][gc,start    ] GC(8) Pause Remark
[2025-10-31T05:40:10.549+0000][2046][gc          ] GC(8) Pause Remark 70M->70M(23856M) 7.535ms
[2025-10-31T05:40:10.549+0000][2046][gc,cpu      ] GC(8) User=0.04s Sys=0.00s Real=0.01s
[2025-10-31T05:40:10.550+0000][2046][safepoint   ] Safepoint "G1PauseRemark", Time since last: 55692456 ns, Reaching safepoint: 86296 ns, Cleanup: 16058 ns, At safepoint: 8600048 ns, Total: 8702402 ns
[2025-10-31T05:40:10.550+0000][2046][gc,marking  ] GC(8) Concurrent Mark 15.287ms
[2025-10-31T05:40:10.551+0000][2046][gc,marking  ] GC(8) Concurrent Rebuild Remembered Sets and Scrub Regions
[2025-10-31T05:40:10.553+0000][2046][gc,marking  ] GC(8) Concurrent Rebuild Remembered Sets and Scrub Regions 1.791ms
[2025-10-31T05:40:10.555+0000][2046][gc,start    ] GC(8) Pause Cleanup
[2025-10-31T05:40:10.556+0000][2046][gc          ] GC(8) Pause Cleanup 70M->70M(23856M) 1.074ms
[2025-10-31T05:40:10.556+0000][2046][gc,cpu      ] GC(8) User=0.01s Sys=0.00s Real=0.00s
[2025-10-31T05:40:10.557+0000][2046][safepoint   ] Safepoint "G1PauseCleanup", Time since last: 5290677 ns, Reaching safepoint: 6270 ns, Cleanup: 12173 ns, At safepoint: 1845392 ns, Total: 1863835 ns
[2025-10-31T05:40:10.557+0000][2046][gc,marking  ] GC(8) Concurrent Clear Claimed Marks
[2025-10-31T05:40:10.558+0000][2046][gc,marking  ] GC(8) Concurrent Clear Claimed Marks 0.448ms
[2025-10-31T05:40:10.558+0000][2046][gc,marking  ] GC(8) Concurrent Cleanup for Next Mark
[2025-10-31T05:40:10.587+0000][2046][gc,marking  ] GC(8) Concurrent Cleanup for Next Mark 28.999ms
[2025-10-31T05:40:10.588+0000][2046][gc          ] GC(8) Concurrent Mark Cycle 102.705ms
[2025-10-31T05:40:11.557+0000][2046][safepoint   ] Safepoint "Cleanup", Time since last: 1000448760 ns, Reaching safepoint: 9213 ns, Cleanup: 79489 ns, At safepoint: 8465 ns, Total: 97167 ns
[2025-10-31T05:40:12.418+0000][2046][safepoint   ] Safepoint "ICBufferFull", Time since last: 860655393 ns, Reaching safepoint: 6967 ns, Cleanup: 252271 ns, At safepoint: 6417 ns, Total: 265655 ns
[2025-10-31T05:40:13.173+0000][2046][safepoint   ] Safepoint "ICBufferFull", Time since last: 754208686 ns, Reaching safepoint: 81975 ns, Cleanup: 277719 ns, At safepoint: 8660 ns, Total: 368354 ns
[2025-10-31T05:40:14.240+0000][2046][safepoint   ] Safepoint "Cleanup", Time since last: 1067214331 ns, Reaching safepoint: 228138 ns, Cleanup: 187935 ns, At safepoint: 8469 ns, Total: 424542 ns
[2025-10-31T05:40:14.815+0000][2046][safepoint   ] Safepoint "ICBufferFull", Time since last: 574329889 ns, Reaching safepoint: 31350 ns, Cleanup: 256482 ns, At safepoint: 5993 ns, Total: 293825 ns
[2025-10-31T05:40:15.816+0000][2046][safepoint   ] Safepoint "Cleanup", Time since last: 1000898993 ns, Reaching safepoint: 6727 ns, Cleanup: 114123 ns, At safepoint: 3951 ns, Total: 124801 ns
[2025-10-31T05:40:16.817+0000][2046][safepoint   ] Safepoint "Cleanup", Time since last: 1000386203 ns, Reaching safepoint: 51541 ns, Cleanup: 176751 ns, At safepoint: 5996 ns, Total: 234288 ns
[2025-10-31T05:40:17.821+0000][2046][safepoint   ] Safepoint "Cleanup", Time since last: 1003942798 ns, Reaching safepoint: 11351 ns, Cleanup: 242238 ns, At safepoint: 6013 ns, Total: 259602 ns
[2025-10-31T05:40:18.822+0000][2046][safepoint   ] Safepoint "Cleanup", Time since last: 1000804872 ns, Reaching safepoint: 9823 ns, Cleanup: 185016 ns, At safepoint: 6475 ns, Total: 201314 ns
[2025-10-31T05:40:19.823+0000][2046][safepoint   ] Safepoint "Cleanup", Time since last: 1001052210 ns, Reaching safepoint: 11357 ns, Cleanup: 69015 ns, At safepoint: 5494 ns, Total: 85866 ns
[2025-10-31T05:40:20.824+0000][2046][safepoint   ] Safepoint "Cleanup", Time since last: 1000708626 ns, Reaching safepoint: 29136 ns, Cleanup: 65602 ns, At safepoint: 5857 ns, Total: 100595 ns
[2025-10-31T05:40:21.825+0000][2046][safepoint   ] Safepoint "Cleanup", Time since last: 1000734610 ns, Reaching safepoint: 47458 ns, Cleanup: 53566 ns, At safepoint: 5415 ns, Total: 106439 ns
[2025-10-31T05:40:22.827+0000][2046][safepoint   ] Safepoint "Cleanup", Time since last: 1001948825 ns, Reaching safepoint: 9843 ns, Cleanup: 45142 ns, At safepoint: 5587 ns, Total: 60572 ns
[2025-10-31T05:40:23.961+0000][2046][safepoint   ] Safepoint "Cleanup", Time since last: 1133907996 ns, Reaching safepoint: 7232 ns, Cleanup: 128482 ns, At safepoint: 6594 ns, Total: 142308 ns
[2025-10-31T05:40:24.751+0000][2046][gc,start    ] GC(9) Pause Young (Concurrent Start) (Metadata GC Threshold)
[2025-10-31T05:40:24.752+0000][2046][gc,task     ] GC(9) Using 8 workers of 8 for evacuation
[2025-10-31T05:40:24.753+0000][2046][gc,age      ] GC(9) Desired survivor size 83886080 bytes, new threshold 15 (max threshold 15)
[2025-10-31T05:40:24.808+0000][2046][gc,phases   ] GC(9)   Pre Evacuate Collection Set: 0.7ms
[2025-10-31T05:40:24.814+0000][2046][gc,phases   ] GC(9)   Merge Heap Roots: 0.1ms
[2025-10-31T05:40:24.817+0000][2046][gc,phases   ] GC(9)   Evacuate Collection Set: 49.1ms
[2025-10-31T05:40:24.818+0000][2046][gc,phases   ] GC(9)   Post Evacuate Collection Set: 4.8ms
[2025-10-31T05:40:24.819+0000][2046][gc,phases   ] GC(9)   Other: 1.6ms
[2025-10-31T05:40:24.820+0000][2046][gc,age      ] GC(9) Age table with threshold 15 (max threshold 15)
[2025-10-31T05:40:24.820+0000][2046][gc,age      ] GC(9) - age   1:   23786112 bytes,   23786112 total
[2025-10-31T05:40:24.821+0000][2046][gc,age      ] GC(9) - age   2:    8896536 bytes,   32682648 total
[2025-10-31T05:40:24.822+0000][2046][gc,age      ] GC(9) - age   3:      38736 bytes,   32721384 total
[2025-10-31T05:40:24.823+0000][2046][gc,age      ] GC(9) - age   4:      21936 bytes,   32743320 total
[2025-10-31T05:40:24.824+0000][2046][gc,age      ] GC(9) - age   5:   27941344 bytes,   60684664 total
[2025-10-31T05:40:24.824+0000][2046][gc,age      ] GC(9) - age   6:    1496584 bytes,   62181248 total
[2025-10-31T05:40:24.825+0000][2046][gc,age      ] GC(9) - age   7:   15849744 bytes,   78030992 total
[2025-10-31T05:40:24.826+0000][2046][gc,heap     ] GC(9) Eden regions: 36->0(68)
[2025-10-31T05:40:24.827+0000][2046][gc,heap     ] GC(9) Survivor regions: 4->6(10)
[2025-10-31T05:40:24.828+0000][2046][gc,heap     ] GC(9) Old regions: 1->1
[2025-10-31T05:40:24.828+0000][2046][gc,heap     ] GC(9) Humongous regions: 0->0
[2025-10-31T05:40:24.829+0000][2046][gc,metaspace] GC(9) Metaspace: 100364K(102976K)->100364K(102976K) NonClass: 86454K(87872K)->86454K(87872K) Class: 13910K(15104K)->13910K(15104K)
[2025-10-31T05:40:24.829+0000][2046][gc          ] GC(9) Pause Young (Concurrent Start) (Metadata GC Threshold) 627M->84M(23856M) 78.099ms
[2025-10-31T05:40:24.830+0000][2046][gc,cpu      ] GC(9) User=0.40s Sys=0.00s Real=0.08s
[2025-10-31T05:40:24.830+0000][2046][gc          ] GC(10) Concurrent Mark Cycle
[2025-10-31T05:40:24.831+0000][2046][safepoint   ] Safepoint "CollectForMetadataAllocation", Time since last: 790205010 ns, Reaching safepoint: 12285 ns, Cleanup: 172231 ns, At safepoint: 80190597 ns, Total: 80375113 ns
[2025-10-31T05:40:24.832+0000][2046][gc,marking  ] GC(10) Concurrent Scan Root Regions
[2025-10-31T05:40:24.889+0000][2046][gc,marking  ] GC(10) Concurrent Scan Root Regions 56.774ms
[2025-10-31T05:40:24.890+0000][2046][gc,marking  ] GC(10) Concurrent Mark
[2025-10-31T05:40:24.891+0000][2046][gc,marking  ] GC(10) Concurrent Mark From Roots
[2025-10-31T05:40:24.892+0000][2046][gc,task     ] GC(10) Using 2 workers of 2 for marking
[2025-10-31T05:40:24.896+0000][2046][gc,marking  ] GC(10) Concurrent Mark From Roots 4.519ms
[2025-10-31T05:40:24.896+0000][2046][gc,marking  ] GC(10) Concurrent Preclean
[2025-10-31T05:40:24.897+0000][2046][gc,marking  ] GC(10) Concurrent Preclean 0.925ms
[2025-10-31T05:40:24.898+0000][2046][safepoint   ] Safepoint "CollectForMetadataAllocation", Time since last: 66861572 ns, Reaching safepoint: 9412 ns, Cleanup: 4760 ns, At safepoint: 123114 ns, Total: 137286 ns
[2025-10-31T05:40:24.899+0000][2046][gc,start    ] GC(10) Pause Remark
[2025-10-31T05:40:24.909+0000][2046][gc          ] GC(10) Pause Remark 93M->93M(23856M) 9.933ms
[2025-10-31T05:40:24.915+0000][2046][gc,cpu      ] GC(10) User=0.04s Sys=0.00s Real=0.02s
[2025-10-31T05:40:24.917+0000][2046][safepoint   ] Safepoint "G1PauseRemark", Time since last: 716147 ns, Reaching safepoint: 79251 ns, Cleanup: 1503 ns, At safepoint: 17402524 ns, Total: 17483278 ns
[2025-10-31T05:40:24.918+0000][2046][gc,marking  ] GC(10) Concurrent Mark 28.251ms
[2025-10-31T05:40:24.919+0000][2046][gc,marking  ] GC(10) Concurrent Rebuild Remembered Sets and Scrub Regions
[2025-10-31T05:40:24.921+0000][2046][gc,marking  ] GC(10) Concurrent Rebuild Remembered Sets and Scrub Regions 2.440ms
[2025-10-31T05:40:24.924+0000][2046][gc,start    ] GC(10) Pause Cleanup
[2025-10-31T05:40:24.925+0000][2046][gc          ] GC(10) Pause Cleanup 96M->96M(23856M) 0.955ms
[2025-10-31T05:40:24.926+0000][2046][gc,cpu      ] GC(10) User=0.01s Sys=0.00s Real=0.00s
[2025-10-31T05:40:24.927+0000][2046][safepoint   ] Safepoint "G1PauseCleanup", Time since last: 5373375 ns, Reaching safepoint: 2075692 ns, Cleanup: 17073 ns, At safepoint: 2734464 ns, Total: 4827229 ns
[2025-10-31T05:40:24.927+0000][2046][gc,marking  ] GC(10) Concurrent Clear Claimed Marks
[2025-10-31T05:40:24.928+0000][2046][gc,marking  ] GC(10) Concurrent Clear Claimed Marks 0.831ms
[2025-10-31T05:40:24.929+0000][2046][gc,marking  ] GC(10) Concurrent Cleanup for Next Mark
[2025-10-31T05:40:24.959+0000][2046][gc,marking  ] GC(10) Concurrent Cleanup for Next Mark 29.526ms
[2025-10-31T05:40:24.960+0000][2046][gc          ] GC(10) Concurrent Mark Cycle 129.584ms
[2025-10-31T05:40:26.290+0000][2046][safepoint   ] Safepoint "Cleanup", Time since last: 1362586723 ns, Reaching safepoint: 12750 ns, Cleanup: 183208 ns, At safepoint: 6305 ns, Total: 202263 ns
[2025-10-31T05:40:27.834+0000][2046][safepoint   ] Safepoint "Cleanup", Time since last: 1544818964 ns, Reaching safepoint: 10977 ns, Cleanup: 63982 ns, At safepoint: 5643 ns, Total: 80602 ns
[2025-10-31T05:40:28.835+0000][2046][safepoint   ] Safepoint "Cleanup", Time since last: 1000520147 ns, Reaching safepoint: 228542 ns, Cleanup: 62323 ns, At safepoint: 10117 ns, Total: 300982 ns
[2025-10-31T05:40:29.883+0000][2046][safepoint   ] Safepoint "Cleanup", Time since last: 1047933715 ns, Reaching safepoint: 14260 ns, Cleanup: 122003 ns, At safepoint: 10406 ns, Total: 146669 ns
[2025-10-31T05:40:30.884+0000][2046][safepoint   ] Safepoint "Cleanup", Time since last: 1000468142 ns, Reaching safepoint: 93047 ns, Cleanup: 27297 ns, At safepoint: 9467 ns, Total: 129811 ns
[2025-10-31T05:40:31.889+0000][2046][safepoint   ] Safepoint "Cleanup", Time since last: 1005088305 ns, Reaching safepoint: 44654 ns, Cleanup: 46217 ns, At safepoint: 7042 ns, Total: 97913 ns
[2025-10-31T05:40:32.890+0000][2046][safepoint   ] Safepoint "Cleanup", Time since last: 1000436848 ns, Reaching safepoint: 89649 ns, Cleanup: 31247 ns, At safepoint: 10070 ns, Total: 130966 ns
[2025-10-31T05:40:33.891+0000][2046][safepoint   ] Safepoint "Cleanup", Time since last: 1000757464 ns, Reaching safepoint: 12934 ns, Cleanup: 47447 ns, At safepoint: 5476 ns, Total: 65857 ns
[2025-10-31T05:40:34.891+0000][2046][safepoint   ] Safepoint "Cleanup", Time since last: 1000722699 ns, Reaching safepoint: 12950 ns, Cleanup: 12219 ns, At safepoint: 5574 ns, Total: 30743 ns
[2025-10-31T05:40:36.892+0000][2046][safepoint   ] Safepoint "Cleanup", Time since last: 2000610215 ns, Reaching safepoint: 13360 ns, Cleanup: 12303 ns, At safepoint: 5752 ns, Total: 31415 ns
[2025-10-31T05:40:37.894+0000][2046][safepoint   ] Safepoint "Cleanup", Time since last: 1001057813 ns, Reaching safepoint: 909650 ns, Cleanup: 217138 ns, At safepoint: 12677 ns, Total: 1139465 ns
[2025-10-31T05:40:38.896+0000][2046][safepoint   ] Safepoint "Cleanup", Time since last: 1000728851 ns, Reaching safepoint: 872023 ns, Cleanup: 19302 ns, At safepoint: 10252 ns, Total: 901577 ns
[2025-10-31T05:40:39.897+0000][2046][safepoint   ] Safepoint "Cleanup", Time since last: 1000740205 ns, Reaching safepoint: 234768 ns, Cleanup: 115088 ns, At safepoint: 11631 ns, Total: 361487 ns
[2025-10-31T05:40:40.898+0000][2046][safepoint   ] Safepoint "Cleanup", Time since last: 1000808505 ns, Reaching safepoint: 365937 ns, Cleanup: 47295 ns, At safepoint: 8073 ns, Total: 421305 ns
[2025-10-31T05:40:41.899+0000][2046][safepoint   ] Safepoint "Cleanup", Time since last: 1000740819 ns, Reaching safepoint: 12957 ns, Cleanup: 13589 ns, At safepoint: 5404 ns, Total: 31950 ns
[2025-10-31T05:40:44.900+0000][2046][safepoint   ] Safepoint "Cleanup", Time since last: 3001270191 ns, Reaching safepoint: 16680 ns, Cleanup: 28333 ns, At safepoint: 6407 ns, Total: 51420 ns
[2025-10-31T05:40:47.759+0000][2046][safepoint   ] Safepoint "Cleanup", Time since last: 2858318273 ns, Reaching safepoint: 7773 ns, Cleanup: 12557 ns, At safepoint: 5422 ns, Total: 25752 ns
[2025-10-31T05:40:49.760+0000][2046][safepoint   ] Safepoint "Cleanup", Time since last: 2001074917 ns, Reaching safepoint: 15144 ns, Cleanup: 14790 ns, At safepoint: 6070 ns, Total: 36004 ns
[2025-10-31T05:40:54.762+0000][2046][safepoint   ] Safepoint "Cleanup", Time since last: 5002246592 ns, Reaching safepoint: 12973 ns, Cleanup: 22152 ns, At safepoint: 8725 ns, Total: 43850 ns
[2025-10-31T05:40:59.763+0000][2046][safepoint   ] Safepoint "Cleanup", Time since last: 5001027074 ns, Reaching safepoint: 14674 ns, Cleanup: 14100 ns, At safepoint: 5700 ns, Total: 34474 ns
[2025-10-31T05:41:08.765+0000][2046][safepoint   ] Safepoint "Cleanup", Time since last: 9001678707 ns, Reaching safepoint: 47675 ns, Cleanup: 16577 ns, At safepoint: 5726 ns, Total: 69978 ns
[2025-10-31T05:41:11.766+0000][2046][safepoint   ] Safepoint "Cleanup", Time since last: 3001339073 ns, Reaching safepoint: 14837 ns, Cleanup: 15843 ns, At safepoint: 6011 ns, Total: 36691 ns
[2025-10-31T05:41:15.767+0000][2046][safepoint   ] Safepoint "Cleanup", Time since last: 4001009991 ns, Reaching safepoint: 60245 ns, Cleanup: 17234 ns, At safepoint: 6300 ns, Total: 83779 ns
[2025-10-31T05:41:21.769+0000][2046][safepoint   ] Safepoint "Cleanup", Time since last: 6001640778 ns, Reaching safepoint: 50610 ns, Cleanup: 20554 ns, At safepoint: 5779 ns, Total: 76943 ns
[2025-10-31T05:41:24.770+0000][2046][safepoint   ] Safepoint "Cleanup", Time since last: 3001196704 ns, Reaching safepoint: 47987 ns, Cleanup: 16963 ns, At safepoint: 5770 ns, Total: 70720 ns
[2025-10-31T05:41:29.771+0000][2046][safepoint   ] Safepoint "Cleanup", Time since last: 5001156379 ns, Reaching safepoint: 69415 ns, Cleanup: 21340 ns, At safepoint: 12612 ns, Total: 103367 ns
[2025-10-31T05:41:41.774+0000][2046][safepoint   ] Safepoint "Cleanup", Time since last: 12002497059 ns, Reaching safepoint: 54792 ns, Cleanup: 15990 ns, At safepoint: 6347 ns, Total: 77129 ns
[2025-10-31T05:42:12.783+0000][2046][safepoint   ] Safepoint "Cleanup", Time since last: 31009341709 ns, Reaching safepoint: 14200 ns, Cleanup: 17200 ns, At safepoint: 5678 ns, Total: 37078 ns
[2025-10-31T05:42:14.785+0000][2046][safepoint   ] Safepoint "Cleanup", Time since last: 2001055205 ns, Reaching safepoint: 53149 ns, Cleanup: 20607 ns, At safepoint: 6104 ns, Total: 79860 ns
[2025-10-31T05:42:19.786+0000][2046][safepoint   ] Safepoint "Cleanup", Time since last: 5001020942 ns, Reaching safepoint: 46730 ns, Cleanup: 17193 ns, At safepoint: 6077 ns, Total: 70000 ns
[2025-10-31T05:42:20.786+0000][2046][safepoint   ] Safepoint "Cleanup", Time since last: 1000791997 ns, Reaching safepoint: 12754 ns, Cleanup: 23309 ns, At safepoint: 5790 ns, Total: 41853 ns
[2025-10-31T05:42:34.789+0000][2046][safepoint   ] Safepoint "Cleanup", Time since last: 14002023341 ns, Reaching safepoint: 45117 ns, Cleanup: 16167 ns, At safepoint: 11809 ns, Total: 73093 ns
[2025-10-31T05:42:39.790+0000][2046][safepoint   ] Safepoint "Cleanup", Time since last: 5001406482 ns, Reaching safepoint: 15143 ns, Cleanup: 28877 ns, At safepoint: 6253 ns, Total: 50273 ns
[2025-10-31T05:42:44.792+0000][2046][safepoint   ] Safepoint "Cleanup", Time since last: 5001747784 ns, Reaching safepoint: 71615 ns, Cleanup: 14905 ns, At safepoint: 6142 ns, Total: 92662 ns
[2025-10-31T05:42:46.797+0000][2046][safepoint   ] Safepoint "Cleanup", Time since last: 2005525794 ns, Reaching safepoint: 55685 ns, Cleanup: 16584 ns, At safepoint: 6179 ns, Total: 78448 ns
[2025-10-31T05:42:51.799+0000][2046][safepoint   ] Safepoint "Cleanup", Time since last: 5000990419 ns, Reaching safepoint: 50691 ns, Cleanup: 15650 ns, At safepoint: 11616 ns, Total: 77957 ns
[2025-10-31T05:42:57.800+0000][2046][safepoint   ] Safepoint "Cleanup", Time since last: 6001125144 ns, Reaching safepoint: 49968 ns, Cleanup: 17144 ns, At safepoint: 5947 ns, Total: 73059 ns
[2025-10-31T05:42:58.801+0000][2046][safepoint   ] Safepoint "Cleanup", Time since last: 1000976996 ns, Reaching safepoint: 14293 ns, Cleanup: 15840 ns, At safepoint: 5650 ns, Total: 35783 ns
[2025-10-31T05:43:05.804+0000][2046][safepoint   ] Safepoint "Cleanup", Time since last: 7002885124 ns, Reaching safepoint: 48329 ns, Cleanup: 17390 ns, At safepoint: 11800 ns, Total: 77519 ns
[2025-10-31T05:43:10.816+0000][2046][safepoint   ] Safepoint "Cleanup", Time since last: 5011904180 ns, Reaching safepoint: 28872 ns, Cleanup: 13086 ns, At safepoint: 6108 ns, Total: 48066 ns
[2025-10-31T05:43:11.817+0000][2046][safepoint   ] Safepoint "Cleanup", Time since last: 1001002404 ns, Reaching safepoint: 14610 ns, Cleanup: 59800 ns, At safepoint: 6147 ns, Total: 80557 ns
[2025-10-31T05:43:17.818+0000][2046][safepoint   ] Safepoint "Cleanup", Time since last: 6001393580 ns, Reaching safepoint: 55420 ns, Cleanup: 15809 ns, At safepoint: 5800 ns, Total: 77029 ns
[2025-10-31T05:43:23.820+0000][2046][safepoint   ] Safepoint "Cleanup", Time since last: 6002226428 ns, Reaching safepoint: 13976 ns, Cleanup: 19393 ns, At safepoint: 5747 ns, Total: 39116 ns
[2025-10-31T05:43:38.823+0000][2046][safepoint   ] Safepoint "Cleanup", Time since last: 15002256687 ns, Reaching safepoint: 57410 ns, Cleanup: 49599 ns, At safepoint: 6920 ns, Total: 113929 ns
[2025-10-31T05:43:44.824+0000][2046][safepoint   ] Safepoint "Cleanup", Time since last: 6001574781 ns, Reaching safepoint: 34268 ns, Cleanup: 12655 ns, At safepoint: 3047 ns, Total: 49970 ns
[2025-10-31T05:43:50.826+0000][2046][safepoint   ] Safepoint "Cleanup", Time since last: 6001060411 ns, Reaching safepoint: 15812 ns, Cleanup: 15067 ns, At safepoint: 5935 ns, Total: 36814 ns
[2025-10-31T05:43:56.827+0000][2046][safepoint   ] Safepoint "Cleanup", Time since last: 6001785357 ns, Reaching safepoint: 45852 ns, Cleanup: 16347 ns, At safepoint: 11393 ns, Total: 73592 ns
[2025-10-31T05:44:14.830+0000][2046][safepoint   ] Safepoint "Cleanup", Time since last: 18002182359 ns, Reaching safepoint: 48554 ns, Cleanup: 16812 ns, At safepoint: 5773 ns, Total: 71139 ns
[2025-10-31T05:44:26.835+0000][2046][safepoint   ] Safepoint "Cleanup", Time since last: 12005242062 ns, Reaching safepoint: 51335 ns, Cleanup: 16671 ns, At safepoint: 6263 ns, Total: 74269 ns
[2025-10-31T05:44:44.838+0000][2046][safepoint   ] Safepoint "Cleanup", Time since last: 18002738137 ns, Reaching safepoint: 53794 ns, Cleanup: 42403 ns, At safepoint: 6420 ns, Total: 102617 ns
[2025-10-31T05:44:50.840+0000][2046][safepoint   ] Safepoint "Cleanup", Time since last: 6002221870 ns, Reaching safepoint: 55885 ns, Cleanup: 17077 ns, At safepoint: 5944 ns, Total: 78906 ns
[2025-10-31T05:44:54.841+0000][2046][safepoint   ] Safepoint "Cleanup", Time since last: 4001229206 ns, Reaching safepoint: 55285 ns, Cleanup: 14653 ns, At safepoint: 11572 ns, Total: 81510 ns
[2025-10-31T05:45:14.844+0000][2046][safepoint   ] Safepoint "Cleanup", Time since last: 20002047612 ns, Reaching safepoint: 49160 ns, Cleanup: 13213 ns, At safepoint: 5100 ns, Total: 67473 ns
[2025-10-31T05:45:49.848+0000][2046][safepoint   ] Safepoint "Cleanup", Time since last: 35003856978 ns, Reaching safepoint: 55472 ns, Cleanup: 16477 ns, At safepoint: 11546 ns, Total: 83495 ns
[2025-10-31T05:45:55.849+0000][2046][safepoint   ] Safepoint "Cleanup", Time since last: 6001528966 ns, Reaching safepoint: 53709 ns, Cleanup: 17513 ns, At safepoint: 5857 ns, Total: 77079 ns
[2025-10-31T05:46:14.851+0000][2046][safepoint   ] Safepoint "Cleanup", Time since last: 19002258030 ns, Reaching safepoint: 15557 ns, Cleanup: 13790 ns, At safepoint: 6036 ns, Total: 35383 ns
[2025-10-31T05:46:44.855+0000][2046][safepoint   ] Safepoint "Cleanup", Time since last: 30003547635 ns, Reaching safepoint: 51227 ns, Cleanup: 17030 ns, At safepoint: 5973 ns, Total: 74230 ns
[2025-10-31T05:47:14.859+0000][2046][safepoint   ] Safepoint "Cleanup", Time since last: 30004010241 ns, Reaching safepoint: 15304 ns, Cleanup: 15953 ns, At safepoint: 5987 ns, Total: 37244 ns
[2025-10-31T05:47:19.861+0000][2046][safepoint   ] Safepoint "Cleanup", Time since last: 5001360009 ns, Reaching safepoint: 54894 ns, Cleanup: 16723 ns, At safepoint: 11940 ns, Total: 83557 ns
[2025-10-31T05:47:24.862+0000][2046][safepoint   ] Safepoint "Cleanup", Time since last: 5000923645 ns, Reaching safepoint: 50371 ns, Cleanup: 14686 ns, At safepoint: 12044 ns, Total: 77101 ns
[2025-10-31T05:47:49.865+0000][2046][safepoint   ] Safepoint "Cleanup", Time since last: 25002979933 ns, Reaching safepoint: 16560 ns, Cleanup: 17993 ns, At safepoint: 6219 ns, Total: 40772 ns
[2025-10-31T05:47:50.867+0000][2046][safepoint   ] Safepoint "Cleanup", Time since last: 1002157826 ns, Reaching safepoint: 10794 ns, Cleanup: 10894 ns, At safepoint: 2701 ns, Total: 24389 ns
[2025-10-31T05:47:54.868+0000][2046][safepoint   ] Safepoint "Cleanup", Time since last: 4001059583 ns, Reaching safepoint: 79985 ns, Cleanup: 17050 ns, At safepoint: 6167 ns, Total: 103202 ns
[2025-10-31T05:48:13.870+0000][2046][safepoint   ] Safepoint "Cleanup", Time since last: 19002400614 ns, Reaching safepoint: 56027 ns, Cleanup: 17587 ns, At safepoint: 6023 ns, Total: 79637 ns
[2025-10-31T05:48:14.871+0000][2046][safepoint   ] Safepoint "Cleanup", Time since last: 1001040377 ns, Reaching safepoint: 15306 ns, Cleanup: 20727 ns, At safepoint: 6682 ns, Total: 42715 ns
[2025-10-31T05:48:24.873+0000][2046][safepoint   ] Safepoint "Cleanup", Time since last: 10001786605 ns, Reaching safepoint: 52175 ns, Cleanup: 16177 ns, At safepoint: 6183 ns, Total: 74535 ns
[2025-10-31T05:48:44.876+0000][2046][safepoint   ] Safepoint "Cleanup", Time since last: 20002735692 ns, Reaching safepoint: 28875 ns, Cleanup: 9823 ns, At safepoint: 2341 ns, Total: 41039 ns
[2025-10-31T05:50:13.885+0000][2046][safepoint   ] Safepoint "Cleanup", Time since last: 89009151392 ns, Reaching safepoint: 16243 ns, Cleanup: 12547 ns, At safepoint: 6145 ns, Total: 34935 ns
[2025-10-31T05:50:45.889+0000][2046][safepoint   ] Safepoint "Cleanup", Time since last: 32003949220 ns, Reaching safepoint: 51293 ns, Cleanup: 13497 ns, At safepoint: 6117 ns, Total: 70907 ns
[2025-10-31T05:51:14.894+0000][2046][safepoint   ] Safepoint "Cleanup", Time since last: 29004493505 ns, Reaching safepoint: 59023 ns, Cleanup: 19923 ns, At safepoint: 7080 ns, Total: 86026 ns
[2025-10-31T05:52:14.901+0000][2046][safepoint   ] Safepoint "Cleanup", Time since last: 60006772597 ns, Reaching safepoint: 57331 ns, Cleanup: 14033 ns, At safepoint: 5950 ns, Total: 77314 ns
[2025-10-31T05:53:14.920+0000][2046][safepoint   ] Safepoint "Cleanup", Time since last: 60018965360 ns, Reaching safepoint: 51655 ns, Cleanup: 17700 ns, At safepoint: 11667 ns, Total: 81022 ns
[2025-10-31T05:54:37.933+0000][2046][safepoint   ] Safepoint "Cleanup", Time since last: 83012790844 ns, Reaching safepoint: 54808 ns, Cleanup: 16460 ns, At safepoint: 7071 ns, Total: 78339 ns
[2025-10-31T05:55:00.935+0000][2046][safepoint   ] Safepoint "Cleanup", Time since last: 23002542033 ns, Reaching safepoint: 54838 ns, Cleanup: 14147 ns, At safepoint: 7000 ns, Total: 75985 ns
[2025-10-31T05:55:23.938+0000][2046][safepoint   ] Safepoint "Cleanup", Time since last: 23002936484 ns, Reaching safepoint: 55828 ns, Cleanup: 15794 ns, At safepoint: 7018 ns, Total: 78640 ns
[2025-10-31T05:55:58.945+0000][2046][safepoint   ] Safepoint "Cleanup", Time since last: 35006859569 ns, Reaching safepoint: 54701 ns, Cleanup: 15280 ns, At safepoint: 12096 ns, Total: 82077 ns
[2025-10-31T05:56:10.947+0000][2046][safepoint   ] Safepoint "Cleanup", Time since last: 12001962032 ns, Reaching safepoint: 55910 ns, Cleanup: 17965 ns, At safepoint: 11914 ns, Total: 85789 ns
[2025-10-31T05:57:44.957+0000][2046][safepoint   ] Safepoint "Cleanup", Time since last: 94009204882 ns, Reaching safepoint: 65900 ns, Cleanup: 20545 ns, At safepoint: 6700 ns, Total: 93145 ns
[2025-10-31T05:58:03.960+0000][2046][safepoint   ] Safepoint "Cleanup", Time since last: 19002966393 ns, Reaching safepoint: 52435 ns, Cleanup: 16550 ns, At safepoint: 5803 ns, Total: 74788 ns
[2025-10-31T05:58:14.961+0000][2046][safepoint   ] Safepoint "Cleanup", Time since last: 11001425415 ns, Reaching safepoint: 51217 ns, Cleanup: 14345 ns, At safepoint: 11940 ns, Total: 77502 ns
[2025-10-31T05:58:44.964+0000][2046][safepoint   ] Safepoint "Cleanup", Time since last: 30003304383 ns, Reaching safepoint: 60376 ns, Cleanup: 18596 ns, At safepoint: 6444 ns, Total: 85416 ns
[2025-10-31T05:59:14.968+0000][2046][safepoint   ] Safepoint "Cleanup", Time since last: 30003484323 ns, Reaching safepoint: 55099 ns, Cleanup: 14360 ns, At safepoint: 6114 ns, Total: 75573 ns
[2025-10-31T05:59:24.970+0000][2046][safepoint   ] Safepoint "Cleanup", Time since last: 10002064379 ns, Reaching safepoint: 59789 ns, Cleanup: 16126 ns, At safepoint: 6274 ns, Total: 82189 ns
[2025-10-31T05:59:44.973+0000][2046][safepoint   ] Safepoint "Cleanup", Time since last: 20002384086 ns, Reaching safepoint: 58154 ns, Cleanup: 15679 ns, At safepoint: 5061 ns, Total: 78894 ns
[2025-10-31T06:00:04.975+0000][2046][safepoint   ] Safepoint "Cleanup", Time since last: 20002330078 ns, Reaching safepoint: 43525 ns, Cleanup: 12406 ns, At safepoint: 6758 ns, Total: 62689 ns
[2025-10-31T06:00:06.979+0000][2046][safepoint   ] Safepoint "Cleanup", Time since last: 2003945532 ns, Reaching safepoint: 23470 ns, Cleanup: 29719 ns, At safepoint: 7018 ns, Total: 60207 ns
[2025-10-31T06:00:44.983+0000][2046][safepoint   ] Safepoint "Cleanup", Time since last: 38003884312 ns, Reaching safepoint: 54170 ns, Cleanup: 19737 ns, At safepoint: 6300 ns, Total: 80207 ns
[2025-10-31T06:00:54.985+0000][2046][safepoint   ] Safepoint "Cleanup", Time since last: 10001562042 ns, Reaching safepoint: 56383 ns, Cleanup: 16452 ns, At safepoint: 6035 ns, Total: 78870 ns
[2025-10-31T06:01:24.988+0000][2046][safepoint   ] Safepoint "Cleanup", Time since last: 30003514162 ns, Reaching safepoint: 46999 ns, Cleanup: 14763 ns, At safepoint: 10797 ns, Total: 72559 ns
[2025-10-31T06:01:34.990+0000][2046][safepoint   ] Safepoint "Cleanup", Time since last: 10001492857 ns, Reaching safepoint: 50571 ns, Cleanup: 44183 ns, At safepoint: 13081 ns, Total: 107835 ns
[2025-10-31T06:02:04.994+0000][2046][safepoint   ] Safepoint "Cleanup", Time since last: 30004541391 ns, Reaching safepoint: 22917 ns, Cleanup: 27442 ns, At safepoint: 8947 ns, Total: 59306 ns
[2025-10-31T06:02:11.997+0000][2046][safepoint   ] Safepoint "Cleanup", Time since last: 7002784603 ns, Reaching safepoint: 80618 ns, Cleanup: 22680 ns, At safepoint: 13904 ns, Total: 117202 ns
[2025-10-31T06:03:03.003+0000][2046][safepoint   ] Safepoint "Cleanup", Time since last: 51005803453 ns, Reaching safepoint: 57199 ns, Cleanup: 20293 ns, At safepoint: 6797 ns, Total: 84289 ns
[2025-10-31T06:03:12.017+0000][2046][safepoint   ] Safepoint "Cleanup", Time since last: 9014147785 ns, Reaching safepoint: 49378 ns, Cleanup: 16705 ns, At safepoint: 9764 ns, Total: 75847 ns
[2025-10-31T06:05:45.034+0000][2046][safepoint   ] Safepoint "Cleanup", Time since last: 153016419924 ns, Reaching safepoint: 84572 ns, Cleanup: 32985 ns, At safepoint: 8014 ns, Total: 125571 ns
[2025-10-31T06:06:12.039+0000][2046][safepoint   ] Safepoint "Cleanup", Time since last: 27004511498 ns, Reaching safepoint: 58434 ns, Cleanup: 23215 ns, At safepoint: 12603 ns, Total: 94252 ns
[2025-10-31T06:07:15.045+0000][2046][safepoint   ] Safepoint "Cleanup", Time since last: 63006627271 ns, Reaching safepoint: 60978 ns, Cleanup: 19260 ns, At safepoint: 12797 ns, Total: 93035 ns
[2025-10-31T06:07:55.050+0000][2046][safepoint   ] Safepoint "Cleanup", Time since last: 40004328110 ns, Reaching safepoint: 63929 ns, Cleanup: 23920 ns, At safepoint: 12693 ns, Total: 100542 ns
[2025-10-31T06:08:15.053+0000][2046][safepoint   ] Safepoint "Cleanup", Time since last: 20003101624 ns, Reaching safepoint: 54290 ns, Cleanup: 23137 ns, At safepoint: 7040 ns, Total: 84467 ns
[2025-10-31T06:10:04.064+0000][2046][safepoint   ] Safepoint "Cleanup", Time since last: 109010645936 ns, Reaching safepoint: 82289 ns, Cleanup: 34855 ns, At safepoint: 14240 ns, Total: 131384 ns
[2025-10-31T06:10:48.144+0000][2046][safepoint   ] Safepoint "Cleanup", Time since last: 44080319768 ns, Reaching safepoint: 55796 ns, Cleanup: 29760 ns, At safepoint: 9430 ns, Total: 94986 ns
[2025-10-31T06:12:25.154+0000][2046][safepoint   ] Safepoint "Cleanup", Time since last: 97009853176 ns, Reaching safepoint: 51393 ns, Cleanup: 15150 ns, At safepoint: 6190 ns, Total: 72733 ns
[2025-10-31T06:12:30.156+0000][2046][safepoint   ] Safepoint "Cleanup", Time since last: 5001932695 ns, Reaching safepoint: 55895 ns, Cleanup: 21044 ns, At safepoint: 12653 ns, Total: 89592 ns
[2025-10-31T06:12:45.159+0000][2046][safepoint   ] Safepoint "Cleanup", Time since last: 15002343234 ns, Reaching safepoint: 54457 ns, Cleanup: 14863 ns, At safepoint: 6449 ns, Total: 75769 ns
[2025-10-31T06:16:13.178+0000][2046][safepoint   ] Safepoint "Cleanup", Time since last: 208018948229 ns, Reaching safepoint: 54293 ns, Cleanup: 12524 ns, At safepoint: 6470 ns, Total: 73287 ns
[2025-10-31T06:16:29.180+0000][2046][safepoint   ] Safepoint "Cleanup", Time since last: 16002262344 ns, Reaching safepoint: 99926 ns, Cleanup: 16743 ns, At safepoint: 6164 ns, Total: 122833 ns
[2025-10-31T06:18:51.193+0000][2046][safepoint   ] Safepoint "Cleanup", Time since last: 142013437609 ns, Reaching safepoint: 18326 ns, Cleanup: 16313 ns, At safepoint: 5901 ns, Total: 40540 ns
[2025-10-31T06:19:15.196+0000][2046][safepoint   ] Safepoint "Cleanup", Time since last: 24002997270 ns, Reaching safepoint: 55629 ns, Cleanup: 15200 ns, At safepoint: 12376 ns, Total: 83205 ns
[2025-10-31T06:19:55.201+0000][2046][safepoint   ] Safepoint "Cleanup", Time since last: 40004191861 ns, Reaching safepoint: 17711 ns, Cleanup: 16180 ns, At safepoint: 6323 ns, Total: 40214 ns
[2025-10-31T06:20:40.219+0000][2046][safepoint   ] Safepoint "Cleanup", Time since last: 45017961719 ns, Reaching safepoint: 55676 ns, Cleanup: 15987 ns, At safepoint: 6256 ns, Total: 77919 ns
[2025-10-31T06:21:15.223+0000][2046][safepoint   ] Safepoint "Cleanup", Time since last: 35004280234 ns, Reaching safepoint: 18007 ns, Cleanup: 18030 ns, At safepoint: 6607 ns, Total: 42644 ns
[2025-10-31T06:21:45.227+0000][2046][safepoint   ] Safepoint "Cleanup", Time since last: 30004299752 ns, Reaching safepoint: 42501 ns, Cleanup: 13932 ns, At safepoint: 5548 ns, Total: 61981 ns
[2025-10-31T06:21:49.229+0000][2046][safepoint   ] Safepoint "Cleanup", Time since last: 4001347505 ns, Reaching safepoint: 52102 ns, Cleanup: 13303 ns, At safepoint: 5644 ns, Total: 71049 ns
[2025-10-31T06:21:55.230+0000][2046][safepoint   ] Safepoint "Cleanup", Time since last: 6001146918 ns, Reaching safepoint: 52862 ns, Cleanup: 16000 ns, At safepoint: 6590 ns, Total: 75452 ns
[2025-10-31T06:22:15.233+0000][2046][safepoint   ] Safepoint "Cleanup", Time since last: 20002994916 ns, Reaching safepoint: 60050 ns, Cleanup: 17964 ns, At safepoint: 7016 ns, Total: 85030 ns
[2025-10-31T06:22:25.235+0000][2046][safepoint   ] Safepoint "Cleanup", Time since last: 10002087926 ns, Reaching safepoint: 18397 ns, Cleanup: 16437 ns, At safepoint: 6406 ns, Total: 41240 ns
[2025-10-31T06:22:33.237+0000][2046][safepoint   ] Safepoint "Cleanup", Time since last: 8001560381 ns, Reaching safepoint: 17776 ns, Cleanup: 17661 ns, At safepoint: 6408 ns, Total: 41845 ns
[2025-10-31T06:22:45.239+0000][2046][safepoint   ] Safepoint "Cleanup", Time since last: 12001614422 ns, Reaching safepoint: 61007 ns, Cleanup: 16265 ns, At safepoint: 5515 ns, Total: 82787 ns
[2025-10-31T06:23:15.243+0000][2046][safepoint   ] Safepoint "Cleanup", Time since last: 30004203087 ns, Reaching safepoint: 75379 ns, Cleanup: 16003 ns, At safepoint: 6416 ns, Total: 97798 ns
[2025-10-31T06:24:15.249+0000][2046][safepoint   ] Safepoint "Cleanup", Time since last: 60005901635 ns, Reaching safepoint: 94204 ns, Cleanup: 15977 ns, At safepoint: 12540 ns, Total: 122721 ns
[2025-10-31T06:25:01.254+0000][2046][safepoint   ] Safepoint "Cleanup", Time since last: 46004936651 ns, Reaching safepoint: 61774 ns, Cleanup: 17688 ns, At safepoint: 6072 ns, Total: 85534 ns
[2025-10-31T06:25:15.257+0000][2046][safepoint   ] Safepoint "Cleanup", Time since last: 14002635938 ns, Reaching safepoint: 58047 ns, Cleanup: 17323 ns, At safepoint: 12445 ns, Total: 87815 ns
[2025-10-31T06:26:55.267+0000][2046][safepoint   ] Safepoint "Cleanup", Time since last: 100010223337 ns, Reaching safepoint: 56685 ns, Cleanup: 16907 ns, At safepoint: 12130 ns, Total: 85722 ns
[2025-10-31T06:27:15.270+0000][2046][safepoint   ] Safepoint "Cleanup", Time since last: 20003157915 ns, Reaching safepoint: 67530 ns, Cleanup: 19219 ns, At safepoint: 13205 ns, Total: 99954 ns
[2025-10-31T06:29:02.281+0000][2046][safepoint   ] Safepoint "Cleanup", Time since last: 107010968259 ns, Reaching safepoint: 55005 ns, Cleanup: 14610 ns, At safepoint: 20750 ns, Total: 90365 ns
[2025-10-31T06:29:05.283+0000][2046][safepoint   ] Safepoint "Cleanup", Time since last: 3001750633 ns, Reaching safepoint: 16155 ns, Cleanup: 17652 ns, At safepoint: 4582 ns, Total: 38389 ns
[2025-10-31T06:30:25.291+0000][2046][safepoint   ] Safepoint "Cleanup", Time since last: 80007914826 ns, Reaching safepoint: 57981 ns, Cleanup: 17520 ns, At safepoint: 12285 ns, Total: 87786 ns
[2025-10-31T06:32:45.305+0000][2046][safepoint   ] Safepoint "Cleanup", Time since last: 140013444875 ns, Reaching safepoint: 55830 ns, Cleanup: 12963 ns, At safepoint: 6434 ns, Total: 75227 ns
[2025-10-31T06:36:45.351+0000][2046][safepoint   ] Safepoint "Cleanup", Time since last: 240045973668 ns, Reaching safepoint: 33595 ns, Cleanup: 12201 ns, At safepoint: 3867 ns, Total: 49663 ns
[2025-10-31T06:37:55.357+0000][2046][safepoint   ] Safepoint "Cleanup", Time since last: 70006377401 ns, Reaching safepoint: 56264 ns, Cleanup: 16909 ns, At safepoint: 12080 ns, Total: 85253 ns
[2025-10-31T06:41:23.376+0000][2046][safepoint   ] Safepoint "Cleanup", Time since last: 208018814450 ns, Reaching safepoint: 48563 ns, Cleanup: 13761 ns, At safepoint: 5850 ns, Total: 68174 ns
[2025-10-31T06:41:24.377+0000][2046][safepoint   ] Safepoint "Cleanup", Time since last: 1001084152 ns, Reaching safepoint: 15597 ns, Cleanup: 18235 ns, At safepoint: 6180 ns, Total: 40012 ns
[2025-10-31T06:43:55.392+0000][2046][safepoint   ] Safepoint "Cleanup", Time since last: 151014539304 ns, Reaching safepoint: 58281 ns, Cleanup: 16853 ns, At safepoint: 6877 ns, Total: 82011 ns
[2025-10-31T06:44:16.395+0000][2046][safepoint   ] Safepoint "Cleanup", Time since last: 21002833581 ns, Reaching safepoint: 54935 ns, Cleanup: 21730 ns, At safepoint: 4764 ns, Total: 81429 ns
[2025-10-31T06:44:46.398+0000][2046][safepoint   ] Safepoint "Cleanup", Time since last: 30003344766 ns, Reaching safepoint: 45123 ns, Cleanup: 14650 ns, At safepoint: 11670 ns, Total: 71443 ns
[2025-10-31T06:45:33.403+0000][2046][safepoint   ] Safepoint "Cleanup", Time since last: 47005307069 ns, Reaching safepoint: 50809 ns, Cleanup: 13180 ns, At safepoint: 12120 ns, Total: 76109 ns
[2025-10-31T06:47:16.450+0000][2046][safepoint   ] Safepoint "Cleanup", Time since last: 103046046625 ns, Reaching safepoint: 56472 ns, Cleanup: 17493 ns, At safepoint: 11884 ns, Total: 85849 ns
[2025-10-31T06:48:16.458+0000][2046][safepoint   ] Safepoint "Cleanup", Time since last: 60007162304 ns, Reaching safepoint: 98302 ns, Cleanup: 26901 ns, At safepoint: 8454 ns, Total: 133657 ns
[2025-10-31T06:51:25.560+0000][2046][safepoint   ] Safepoint "Cleanup", Time since last: 189103131364 ns, Reaching safepoint: 58156 ns, Cleanup: 16404 ns, At safepoint: 7790 ns, Total: 82350 ns
[2025-10-31T06:52:13.566+0000][2046][safepoint   ] Safepoint "Cleanup", Time since last: 48005402354 ns, Reaching safepoint: 50760 ns, Cleanup: 15010 ns, At safepoint: 12135 ns, Total: 77905 ns
[2025-10-31T06:52:16.571+0000][2046][safepoint   ] Safepoint "Cleanup", Time since last: 3005298318 ns, Reaching safepoint: 16070 ns, Cleanup: 16058 ns, At safepoint: 6300 ns, Total: 38428 ns
[2025-10-31T06:53:52.582+0000][2046][safepoint   ] Safepoint "Cleanup", Time since last: 96011394285 ns, Reaching safepoint: 16967 ns, Cleanup: 14143 ns, At safepoint: 6089 ns, Total: 37199 ns
[2025-10-31T07:00:55.669+0000][2046][safepoint   ] Safepoint "Cleanup", Time since last: 423085628258 ns, Reaching safepoint: 59476 ns, Cleanup: 1188504 ns, At safepoint: 16269 ns, Total: 1264249 ns
[2025-10-31T07:01:50.675+0000][2046][safepoint   ] Safepoint "Cleanup", Time since last: 55005937326 ns, Reaching safepoint: 16321 ns, Cleanup: 16890 ns, At safepoint: 38480 ns, Total: 71691 ns
[2025-10-31T07:01:56.677+0000][2046][safepoint   ] Safepoint "Cleanup", Time since last: 6001347347 ns, Reaching safepoint: 47141 ns, Cleanup: 18600 ns, At safepoint: 11700 ns, Total: 77441 ns
[2025-10-31T07:02:10.679+0000][2046][safepoint   ] Safepoint "Cleanup", Time since last: 14002409022 ns, Reaching safepoint: 56039 ns, Cleanup: 24173 ns, At safepoint: 12143 ns, Total: 92355 ns
[2025-10-31T07:02:13.681+0000][2046][safepoint   ] Safepoint "Cleanup", Time since last: 3001509661 ns, Reaching safepoint: 54510 ns, Cleanup: 25870 ns, At safepoint: 11935 ns, Total: 92315 ns
[2025-10-31T07:03:16.687+0000][2046][safepoint   ] Safepoint "Cleanup", Time since last: 63006534387 ns, Reaching safepoint: 54389 ns, Cleanup: 17580 ns, At safepoint: 12154 ns, Total: 84123 ns
[2025-10-31T07:04:55.747+0000][2046][safepoint   ] Safepoint "Cleanup", Time since last: 99059381541 ns, Reaching safepoint: 56439 ns, Cleanup: 56799 ns, At safepoint: 18284 ns, Total: 131522 ns
[2025-10-31T07:06:16.756+0000][2046][safepoint   ] Safepoint "Cleanup", Time since last: 81008987479 ns, Reaching safepoint: 57419 ns, Cleanup: 17889 ns, At safepoint: 6347 ns, Total: 81655 ns
[2025-10-31T07:10:33.332+0000][2046][gc,heap,exit] Heap
[2025-10-31T07:10:33.334+0000][2046][gc,heap,exit]  garbage-first heap   total 24428544K, used 881871K [0x000000022d000000, 0x0000000800000000)
[2025-10-31T07:10:33.334+0000][2046][gc,heap,exit]   region size 16384K, 55 young (901120K), 6 survivors (98304K)
[2025-10-31T07:10:33.335+0000][2046][gc,heap,exit]  Metaspace       used 106915K, committed 109504K, reserved 1179648K
[2025-10-31T07:10:33.336+0000][2046][gc,heap,exit]   class space    used 14810K, committed 16000K, reserved 1048576K
